Archive member included to satisfy reference by file (symbol)

c:/st/stm32cubeide_1.4.0/stm32cubeide/plugins/com.st.stm32cube.ide.mcu.externaltools.gnu-tools-for-stm32.7-2018-q2-update.win32_1.4.0.202007081208/tools/bin/../lib/gcc/arm-none-eabi/7.3.1/../../../../arm-none-eabi/lib/thumb/v7-m\libc_nano.a(lib_a-errno.o)
                              Core/Src/syscalls.o (__errno)
c:/st/stm32cubeide_1.4.0/stm32cubeide/plugins/com.st.stm32cube.ide.mcu.externaltools.gnu-tools-for-stm32.7-2018-q2-update.win32_1.4.0.202007081208/tools/bin/../lib/gcc/arm-none-eabi/7.3.1/../../../../arm-none-eabi/lib/thumb/v7-m\libc_nano.a(lib_a-exit.o)
                              c:/st/stm32cubeide_1.4.0/stm32cubeide/plugins/com.st.stm32cube.ide.mcu.externaltools.gnu-tools-for-stm32.7-2018-q2-update.win32_1.4.0.202007081208/tools/bin/../lib/gcc/arm-none-eabi/7.3.1/../../../../arm-none-eabi/lib/thumb/v7-m/crt0.o (exit)
c:/st/stm32cubeide_1.4.0/stm32cubeide/plugins/com.st.stm32cube.ide.mcu.externaltools.gnu-tools-for-stm32.7-2018-q2-update.win32_1.4.0.202007081208/tools/bin/../lib/gcc/arm-none-eabi/7.3.1/../../../../arm-none-eabi/lib/thumb/v7-m\libc_nano.a(lib_a-impure.o)
                              c:/st/stm32cubeide_1.4.0/stm32cubeide/plugins/com.st.stm32cube.ide.mcu.externaltools.gnu-tools-for-stm32.7-2018-q2-update.win32_1.4.0.202007081208/tools/bin/../lib/gcc/arm-none-eabi/7.3.1/../../../../arm-none-eabi/lib/thumb/v7-m\libc_nano.a(lib_a-exit.o) (_global_impure_ptr)
c:/st/stm32cubeide_1.4.0/stm32cubeide/plugins/com.st.stm32cube.ide.mcu.externaltools.gnu-tools-for-stm32.7-2018-q2-update.win32_1.4.0.202007081208/tools/bin/../lib/gcc/arm-none-eabi/7.3.1/../../../../arm-none-eabi/lib/thumb/v7-m\libc_nano.a(lib_a-init.o)
                              c:/st/stm32cubeide_1.4.0/stm32cubeide/plugins/com.st.stm32cube.ide.mcu.externaltools.gnu-tools-for-stm32.7-2018-q2-update.win32_1.4.0.202007081208/tools/bin/../lib/gcc/arm-none-eabi/7.3.1/../../../../arm-none-eabi/lib/thumb/v7-m/crt0.o (__libc_init_array)
c:/st/stm32cubeide_1.4.0/stm32cubeide/plugins/com.st.stm32cube.ide.mcu.externaltools.gnu-tools-for-stm32.7-2018-q2-update.win32_1.4.0.202007081208/tools/bin/../lib/gcc/arm-none-eabi/7.3.1/../../../../arm-none-eabi/lib/thumb/v7-m\libc_nano.a(lib_a-memset.o)
                              c:/st/stm32cubeide_1.4.0/stm32cubeide/plugins/com.st.stm32cube.ide.mcu.externaltools.gnu-tools-for-stm32.7-2018-q2-update.win32_1.4.0.202007081208/tools/bin/../lib/gcc/arm-none-eabi/7.3.1/../../../../arm-none-eabi/lib/thumb/v7-m/crt0.o (memset)
c:/st/stm32cubeide_1.4.0/stm32cubeide/plugins/com.st.stm32cube.ide.mcu.externaltools.gnu-tools-for-stm32.7-2018-q2-update.win32_1.4.0.202007081208/tools/bin/../lib/gcc/arm-none-eabi/7.3.1/thumb/v7-m\libgcc.a(_arm_addsubdf3.o)
                              Core/Src/main.o (__aeabi_i2d)
c:/st/stm32cubeide_1.4.0/stm32cubeide/plugins/com.st.stm32cube.ide.mcu.externaltools.gnu-tools-for-stm32.7-2018-q2-update.win32_1.4.0.202007081208/tools/bin/../lib/gcc/arm-none-eabi/7.3.1/thumb/v7-m\libgcc.a(_arm_muldivdf3.o)
                              Core/Src/Ultrasonic_prog.o (__aeabi_dmul)
c:/st/stm32cubeide_1.4.0/stm32cubeide/plugins/com.st.stm32cube.ide.mcu.externaltools.gnu-tools-for-stm32.7-2018-q2-update.win32_1.4.0.202007081208/tools/bin/../lib/gcc/arm-none-eabi/7.3.1/thumb/v7-m\libgcc.a(_arm_cmpdf2.o)
                              Core/Src/main.o (__aeabi_dcmple)
c:/st/stm32cubeide_1.4.0/stm32cubeide/plugins/com.st.stm32cube.ide.mcu.externaltools.gnu-tools-for-stm32.7-2018-q2-update.win32_1.4.0.202007081208/tools/bin/../lib/gcc/arm-none-eabi/7.3.1/thumb/v7-m\libgcc.a(_arm_fixunsdfsi.o)
                              Core/Src/Ultrasonic_prog.o (__aeabi_d2uiz)
c:/st/stm32cubeide_1.4.0/stm32cubeide/plugins/com.st.stm32cube.ide.mcu.externaltools.gnu-tools-for-stm32.7-2018-q2-update.win32_1.4.0.202007081208/tools/bin/../lib/gcc/arm-none-eabi/7.3.1/thumb/v7-m\libgcc.a(_arm_addsubsf3.o)
                              Core/Src/Ultrasonic_prog.o (__aeabi_ui2f)
c:/st/stm32cubeide_1.4.0/stm32cubeide/plugins/com.st.stm32cube.ide.mcu.externaltools.gnu-tools-for-stm32.7-2018-q2-update.win32_1.4.0.202007081208/tools/bin/../lib/gcc/arm-none-eabi/7.3.1/thumb/v7-m\libgcc.a(_aeabi_uldivmod.o)
                              Core/Src/UART_program.o (__aeabi_uldivmod)
c:/st/stm32cubeide_1.4.0/stm32cubeide/plugins/com.st.stm32cube.ide.mcu.externaltools.gnu-tools-for-stm32.7-2018-q2-update.win32_1.4.0.202007081208/tools/bin/../lib/gcc/arm-none-eabi/7.3.1/thumb/v7-m\libgcc.a(_udivmoddi4.o)
                              c:/st/stm32cubeide_1.4.0/stm32cubeide/plugins/com.st.stm32cube.ide.mcu.externaltools.gnu-tools-for-stm32.7-2018-q2-update.win32_1.4.0.202007081208/tools/bin/../lib/gcc/arm-none-eabi/7.3.1/thumb/v7-m\libgcc.a(_aeabi_uldivmod.o) (__udivmoddi4)
[...]
Memory Configuration

Name             Origin             Length             Attributes
RAM              0x0000000020000000 0x0000000000005000 xrw
FLASH            0x0000000008000000 0x0000000000010000 xr
*default*        0x0000000000000000 0xffffffffffffffff

Linker script and memory map

LOAD c:/st/stm32cubeide_1.4.0/stm32cubeide/plugins/com.st.stm32cube.ide.mcu.externaltools.gnu-tools-for-stm32.7-2018-q2-update.win32_1.4.0.202007081208/tools/bin/../lib/gcc/arm-none-eabi/7.3.1/thumb/v7-m/crti.o
LOAD c:/st/stm32cubeide_1.4.0/stm32cubeide/plugins/com.st.stm32cube.ide.mcu.externaltools.gnu-tools-for-stm32.7-2018-q2-update.win32_1.4.0.202007081208/tools/bin/../lib/gcc/arm-none-eabi/7.3.1/thumb/v7-m/crtbegin.o
LOAD c:/st/stm32cubeide_1.4.0/stm32cubeide/plugins/com.st.stm32cube.ide.mcu.externaltools.gnu-tools-for-stm32.7-2018-q2-update.win32_1.4.0.202007081208/tools/bin/../lib/gcc/arm-none-eabi/7.3.1/../../../../arm-none-eabi/lib/thumb/v7-m/crt0.o
LOAD Core/Src/AFIO_program.o
LOAD Core/Src/EXTI_program.o
LOAD Core/Src/GPIO_program.o
LOAD Core/Src/NVIC_program.o
LOAD Core/Src/PWM_DCmotor_prog.o
LOAD Core/Src/RCC_program.o
LOAD Core/Src/SPI_program.o
LOAD Core/Src/STK_program.o
LOAD Core/Src/Timer_prog.o
LOAD Core/Src/UART_conf.o
LOAD Core/Src/UART_program.o
LOAD Core/Src/Ultrasonic_prog.o
LOAD Core/Src/main.o
LOAD Core/Src/nrf24l01_program.o
LOAD Core/Src/stm32f1xx_hal_msp.o
LOAD Core/Src/stm32f1xx_it.o
LOAD Core/Src/syscalls.o
LOAD Core/Src/sysmem.o
LOAD Core/Src/system_stm32f1xx.o
LOAD Core/Startup/startup_stm32f103c8tx.o
LOAD Drivers/STM32F1xx_HAL_Driver/Src/stm32f1xx_hal.o
LOAD Drivers/STM32F1xx_HAL_Driver/Src/stm32f1xx_hal_cortex.o
LOAD Drivers/STM32F1xx_HAL_Driver/Src/stm32f1xx_hal_dma.o
LOAD Drivers/STM32F1xx_HAL_Driver/Src/stm32f1xx_hal_exti.o
LOAD Drivers/STM32F1xx_HAL_Driver/Src/stm32f1xx_hal_flash.o
LOAD Drivers/STM32F1xx_HAL_Driver/Src/stm32f1xx_hal_flash_ex.o
LOAD Drivers/STM32F1xx_HAL_Driver/Src/stm32f1xx_hal_gpio.o
LOAD Drivers/STM32F1xx_HAL_Driver/Src/stm32f1xx_hal_gpio_ex.o
LOAD Drivers/STM32F1xx_HAL_Driver/Src/stm32f1xx_hal_pwr.o
LOAD Drivers/STM32F1xx_HAL_Driver/Src/stm32f1xx_hal_rcc.o
LOAD Drivers/STM32F1xx_HAL_Driver/Src/stm32f1xx_hal_rcc_ex.o
LOAD Drivers/STM32F1xx_HAL_Driver/Src/stm32f1xx_hal_tim.o
LOAD Drivers/STM32F1xx_HAL_Driver/Src/stm32f1xx_hal_tim_ex.o
START GROUP
LOAD c:/st/stm32cubeide_1.4.0/stm32cubeide/plugins/com.st.stm32cube.ide.mcu.externaltools.gnu-tools-for-stm32.7-2018-q2-update.win32_1.4.0.202007081208/tools/bin/../lib/gcc/arm-none-eabi/7.3.1/../../../../arm-none-eabi/lib/thumb/v7-m\libc_nano.a
LOAD c:/st/stm32cubeide_1.4.0/stm32cubeide/plugins/com.st.stm32cube.ide.mcu.externaltools.gnu-tools-for-stm32.7-2018-q2-update.win32_1.4.0.202007081208/tools/bin/../lib/gcc/arm-none-eabi/7.3.1/../../../../arm-none-eabi/lib/thumb/v7-m\libm.a
END GROUP
START GROUP
LOAD c:/st/stm32cubeide_1.4.0/stm32cubeide/plugins/com.st.stm32cube.ide.mcu.externaltools.gnu-tools-for-stm32.7-2018-q2-update.win32_1.4.0.202007081208/tools/bin/../lib/gcc/arm-none-eabi/7.3.1/thumb/v7-m\libgcc.a
LOAD c:/st/stm32cubeide_1.4.0/stm32cubeide/plugins/com.st.stm32cube.ide.mcu.externaltools.gnu-tools-for-stm32.7-2018-q2-update.win32_1.4.0.202007081208/tools/bin/../lib/gcc/arm-none-eabi/7.3.1/../../../../arm-none-eabi/lib/thumb/v7-m\libc_nano.a
END GROUP
START GROUP
LOAD c:/st/stm32cubeide_1.4.0/stm32cubeide/plugins/com.st.stm32cube.ide.mcu.externaltools.gnu-tools-for-stm32.7-2018-q2-update.win32_1.4.0.202007081208/tools/bin/../lib/gcc/arm-none-eabi/7.3.1/thumb/v7-m\libgcc.a
LOAD c:/st/stm32cubeide_1.4.0/stm32cubeide/plugins/com.st.stm32cube.ide.mcu.externaltools.gnu-tools-for-stm32.7-2018-q2-update.win32_1.4.0.202007081208/tools/bin/../lib/gcc/arm-none-eabi/7.3.1/../../../../arm-none-eabi/lib/thumb/v7-m\libc_nano.a
LOAD c:/st/stm32cubeide_1.4.0/stm32cubeide/plugins/com.st.stm32cube.ide.mcu.externaltools.gnu-tools-for-stm32.7-2018-q2-update.win32_1.4.0.202007081208/tools/bin/../lib/gcc/arm-none-eabi/7.3.1/../../../../arm-none-eabi/lib/thumb/v7-m\libnosys.a
END GROUP
START GROUP
LOAD c:/st/stm32cubeide_1.4.0/stm32cubeide/plugins/com.st.stm32cube.ide.mcu.externaltools.gnu-tools-for-stm32.7-2018-q2-update.win32_1.4.0.202007081208/tools/bin/../lib/gcc/arm-none-eabi/7.3.1/thumb/v7-m\libgcc.a
LOAD c:/st/stm32cubeide_1.4.0/stm32cubeide/plugins/com.st.stm32cube.ide.mcu.externaltools.gnu-tools-for-stm32.7-2018-q2-update.win32_1.4.0.202007081208/tools/bin/../lib/gcc/arm-none-eabi/7.3.1/../../../../arm-none-eabi/lib/thumb/v7-m\libc_nano.a
LOAD c:/st/stm32cubeide_1.4.0/stm32cubeide/plugins/com.st.stm32cube.ide.mcu.externaltools.gnu-tools-for-stm32.7-2018-q2-update.win32_1.4.0.202007081208/tools/bin/../lib/gcc/arm-none-eabi/7.3.1/../../../../arm-none-eabi/lib/thumb/v7-m\libnosys.a
END GROUP
LOAD c:/st/stm32cubeide_1.4.0/stm32cubeide/plugins/com.st.stm32cube.ide.mcu.externaltools.gnu-tools-for-stm32.7-2018-q2-update.win32_1.4.0.202007081208/tools/bin/../lib/gcc/arm-none-eabi/7.3.1/thumb/v7-m/crtend.o
LOAD c:/st/stm32cubeide_1.4.0/stm32cubeide/plugins/com.st.stm32cube.ide.mcu.externaltools.gnu-tools-for-stm32.7-2018-q2-update.win32_1.4.0.202007081208/tools/bin/../lib/gcc/arm-none-eabi/7.3.1/thumb/v7-m/crtn.o
                0x0000000020005000                _estack = (ORIGIN (RAM) + LENGTH (RAM))
                0x0000000000000200                _Min_Heap_Size = 0x200
                0x0000000000000400                _Min_Stack_Size = 0x400

.isr_vector     0x0000000008000000      0x10c
                0x0000000008000000                . = ALIGN (0x4)
 *(.isr_vector)
 .isr_vector    0x0000000008000000      0x10c Core/Startup/startup_stm32f103c8tx.o
                0x0000000008000000                g_pfnVectors
                0x000000000800010c                . = ALIGN (0x4)

.text           0x000000000800010c     0x3098
                0x000000000800010c                . = ALIGN (0x4)
 *(.text)
 .text          0x000000000800010c       0x40 c:/st/stm32cubeide_1.4.0/stm32cubeide/plugins/com.st.stm32cube.ide.mcu.externaltools.gnu-tools-for-stm32.7-2018-q2-update.win32_1.4.0.202007081208/tools/bin/../lib/gcc/arm-none-eabi/7.3.1/thumb/v7-m/crtbegin.o
 .text          0x000000000800014c      0x378 c:/st/stm32cubeide_1.4.0/stm32cubeide/plugins/com.st.stm32cube.ide.mcu.externaltools.gnu-tools-for-stm32.7-2018-q2-update.win32_1.4.0.202007081208/tools/bin/../lib/gcc/arm-none-eabi/7.3.1/thumb/v7-m\libgcc.a(_arm_addsubdf3.o)
                0x000000000800014c                __aeabi_drsub
                0x0000000008000154                __aeabi_dsub
                0x0000000008000154                __subdf3
                0x0000000008000158                __aeabi_dadd
                0x0000000008000158                __adddf3
                0x00000000080003d0                __floatunsidf
                0x00000000080003d0                __aeabi_ui2d
                0x00000000080003f0                __floatsidf
                0x00000000080003f0                __aeabi_i2d
                0x0000000008000414                __aeabi_f2d
                0x0000000008000414                __extendsfdf2
                0x0000000008000458                __floatundidf
                0x0000000008000458                __aeabi_ul2d
                0x0000000008000468                __floatdidf
                0x0000000008000468                __aeabi_l2d
 .text          0x00000000080004c4      0x110 c:/st/stm32cubeide_1.4.0/stm32cubeide/plugins/com.st.stm32cube.ide.mcu.externaltools.gnu-tools-for-stm32.7-2018-q2-update.win32_1.4.0.202007081208/tools/bin/../lib/gcc/arm-none-eabi/7.3.1/thumb/v7-m\libgcc.a(_arm_cmpdf2.o)
                0x00000000080004c4                __gtdf2
                0x00000000080004c4                __gedf2
                0x00000000080004cc                __ltdf2
                0x00000000080004cc                __ledf2
                0x00000000080004d4                __nedf2
                0x00000000080004d4                __eqdf2
                0x00000000080004d4                __cmpdf2
                0x0000000008000550                __aeabi_cdrcmple
                0x0000000008000560                __aeabi_cdcmpeq
                0x0000000008000560                __aeabi_cdcmple
                0x0000000008000570                __aeabi_dcmpeq
                0x0000000008000584                __aeabi_dcmplt
                0x0000000008000598                __aeabi_dcmple
                0x00000000080005ac                __aeabi_dcmpge
                0x00000000080005c0                __aeabi_dcmpgt
 *(.text*)
 .text.EXTI0_IRQHandler
                0x00000000080005d4       0x24 Core/Src/EXTI_program.o
                0x00000000080005d4                EXTI0_IRQHandler
 .text.GPIO_voidSetPinMode
                0x00000000080005f8      0x340 Core/Src/GPIO_program.o
                0x00000000080005f8                GPIO_voidSetPinMode
 .text.GPIO_voidSetPinValue
                0x0000000008000938      0x198 Core/Src/GPIO_program.o
                0x0000000008000938                GPIO_voidSetPinValue
 .text.MOTOR_init
                0x0000000008000ad0       0x5c Core/Src/PWM_DCmotor_prog.o
                0x0000000008000ad0                MOTOR_init
 .text.MOTOR_CounterClockWise
                0x0000000008000b2c       0x74 Core/Src/PWM_DCmotor_prog.o
                0x0000000008000b2c                MOTOR_CounterClockWise
 .text.MOTOR_ClockWise
                0x0000000008000ba0       0x70 Core/Src/PWM_DCmotor_prog.o
                0x0000000008000ba0                MOTOR_ClockWise
 .text.MOTOR_Stop
                0x0000000008000c10       0x42 Core/Src/PWM_DCmotor_prog.o
                0x0000000008000c10                MOTOR_Stop
 *fill*         0x0000000008000c52        0x2 
 .text.RCC_voidInitSysClock
                0x0000000008000c54       0x64 Core/Src/RCC_program.o
                0x0000000008000c54                RCC_voidInitSysClock
 .text.RCC_voidEnablePeripheral
                0x0000000008000cb8       0x74 Core/Src/RCC_program.o
                0x0000000008000cb8                RCC_voidEnablePeripheral
 .text.truncate_queue
                0x0000000008000d2c       0x78 Core/Src/SPI_program.o
 .text.SPI1_IRQHandler
                0x0000000008000da4       0x24 Core/Src/SPI_program.o
                0x0000000008000da4                SPI1_IRQHandler
 .text.MSTK_voidInit
                0x0000000008000dc8       0x18 Core/Src/STK_program.o
                0x0000000008000dc8                MSTK_voidInit
 .text.SysTick_Handler
                0x0000000008000de0       0x5c Core/Src/STK_program.o
                0x0000000008000de0                SysTick_Handler
 .text.MTimer_voidInit
                0x0000000008000e3c      0x234 Core/Src/Timer_prog.o
                0x0000000008000e3c                MTimer_voidInit
 .text.MTimer_voidPWM
                0x0000000008001070      0xe4c Core/Src/Timer_prog.o
                0x0000000008001070                MTimer_voidPWM
 .text.MUART_voidEnable
                0x0000000008001ebc       0x1e Core/Src/UART_program.o
                0x0000000008001ebc                MUART_voidEnable
 *fill*         0x0000000008001eda        0x2 
 .text.MUART_u8ReceiveByteASynch
                0x0000000008001edc       0x30 Core/Src/UART_program.o
                0x0000000008001edc                MUART_u8ReceiveByteASynch
 .text.MUART_u8ReadDataRegister
                0x0000000008001f0c       0x18 Core/Src/UART_program.o
                0x0000000008001f0c                MUART_u8ReadDataRegister
 .text.MUART1_voidSetCallBack
                0x0000000008001f24       0x1c Core/Src/UART_program.o
                0x0000000008001f24                MUART1_voidSetCallBack
 .text.USART1_IRQHandler
                0x0000000008001f40       0x30 Core/Src/UART_program.o
                0x0000000008001f40                USART1_IRQHandler
 .text.USART2_IRQHandler
                0x0000000008001f70       0x30 Core/Src/UART_program.o
                0x0000000008001f70                USART2_IRQHandler
 .text.HUltrasonic_voidInit
                0x0000000008001fa0       0xb4 Core/Src/Ultrasonic_prog.o
                0x0000000008001fa0                HUltrasonic_voidInit
 .text.init_conf
                0x0000000008002054       0x78 Core/Src/main.o
                0x0000000008002054                init_conf
 .text.main     0x00000000080020cc      0x13c Core/Src/main.o
                0x00000000080020cc                main
 .text.APP_VoidStop
                0x0000000008002208       0x74 Core/Src/main.o
                0x0000000008002208                APP_VoidStop
 .text.APP_voidGoTasks
                0x000000000800227c      0x1dc Core/Src/main.o
                0x000000000800227c                APP_voidGoTasks
 .text.APP_voidBackTasks
                0x0000000008002458      0x1dc Core/Src/main.o
                0x0000000008002458                APP_voidBackTasks
 .text.APP_voidBackward_RightTasks
                0x0000000008002634      0x1dc Core/Src/main.o
                0x0000000008002634                APP_voidBackward_RightTasks
 .text.APP_voidBackward_LEFTTasks
                0x0000000008002810      0x1dc Core/Src/main.o
                0x0000000008002810                APP_voidBackward_LEFTTasks
 .text.APP_voidRight_LeftTasks
                0x00000000080029ec        0xc Core/Src/main.o
                0x00000000080029ec                APP_voidRight_LeftTasks
 .text.APP_voidForward_RightTasks
                0x00000000080029f8      0x1dc Core/Src/main.o
                0x00000000080029f8                APP_voidForward_RightTasks
 .text.APP_voidForward_LeftTasks
                0x0000000008002bd4      0x1dc Core/Src/main.o
                0x0000000008002bd4                APP_voidForward_LeftTasks
 .text.APP_GET_UART_Command
                0x0000000008002db0       0x20 Core/Src/main.o
                0x0000000008002db0                APP_GET_UART_Command
 .text.ProcessingFun
                0x0000000008002dd0      0x2cc Core/Src/main.o
                0x0000000008002dd0                ProcessingFun
 .text.NMI_Handler
                0x000000000800309c        0xc Core/Src/stm32f1xx_it.o
                0x000000000800309c                NMI_Handler
 .text.HardFault_Handler
                0x00000000080030a8        0x8 Core/Src/stm32f1xx_it.o
                0x00000000080030a8                HardFault_Handler
 .text.MemManage_Handler
                0x00000000080030b0        0x8 Core/Src/stm32f1xx_it.o
                0x00000000080030b0                MemManage_Handler
 .text.BusFault_Handler
                0x00000000080030b8        0x8 Core/Src/stm32f1xx_it.o
                0x00000000080030b8                BusFault_Handler
 .text.UsageFault_Handler
                0x00000000080030c0        0x8 Core/Src/stm32f1xx_it.o
                0x00000000080030c0                UsageFault_Handler
 .text.SVC_Handler
                0x00000000080030c8        0xc Core/Src/stm32f1xx_it.o
                0x00000000080030c8                SVC_Handler
 .text.DebugMon_Handler
                0x00000000080030d4        0xc Core/Src/stm32f1xx_it.o
                0x00000000080030d4                DebugMon_Handler
 .text.PendSV_Handler
                0x00000000080030e0        0xc Core/Src/stm32f1xx_it.o
                0x00000000080030e0                PendSV_Handler
 .text.SystemInit
                0x00000000080030ec        0xc Core/Src/system_stm32f1xx.o
                0x00000000080030ec                SystemInit
 .text.Reset_Handler
                0x00000000080030f8       0x48 Core/Startup/startup_stm32f103c8tx.o
                0x00000000080030f8                Reset_Handler
 .text.Default_Handler
                0x0000000008003140        0x2 Core/Startup/startup_stm32f103c8tx.o
                0x0000000008003140                RTC_Alarm_IRQHandler
                0x0000000008003140                EXTI2_IRQHandler
                0x0000000008003140                TIM1_CC_IRQHandler
                0x0000000008003140                PVD_IRQHandler
                0x0000000008003140                EXTI3_IRQHandler
                0x0000000008003140                I2C2_EV_IRQHandler
                0x0000000008003140                ADC1_2_IRQHandler
                0x0000000008003140                TAMPER_IRQHandler
                0x0000000008003140                DMA1_Channel4_IRQHandler
                0x0000000008003140                USART3_IRQHandler
                0x0000000008003140                RTC_IRQHandler
                0x0000000008003140                DMA1_Channel7_IRQHandler
                0x0000000008003140                CAN1_RX1_IRQHandler
                0x0000000008003140                TIM4_IRQHandler
                0x0000000008003140                I2C1_EV_IRQHandler
                0x0000000008003140                DMA1_Channel6_IRQHandler
                0x0000000008003140                TIM3_IRQHandler
                0x0000000008003140                RCC_IRQHandler
                0x0000000008003140                TIM1_TRG_COM_IRQHandler
                0x0000000008003140                DMA1_Channel1_IRQHandler
                0x0000000008003140                Default_Handler
                0x0000000008003140                EXTI15_10_IRQHandler
                0x0000000008003140                EXTI9_5_IRQHandler
                0x0000000008003140                SPI2_IRQHandler
                0x0000000008003140                DMA1_Channel5_IRQHandler
                0x0000000008003140                EXTI4_IRQHandler
                0x0000000008003140                USB_LP_CAN1_RX0_IRQHandler
                0x0000000008003140                USB_HP_CAN1_TX_IRQHandler
                0x0000000008003140                DMA1_Channel3_IRQHandler
                0x0000000008003140                TIM1_UP_IRQHandler
                0x0000000008003140                WWDG_IRQHandler
                0x0000000008003140                TIM2_IRQHandler
                0x0000000008003140                TIM1_BRK_IRQHandler
                0x0000000008003140                EXTI1_IRQHandler
                0x0000000008003140                I2C2_ER_IRQHandler
                0x0000000008003140                DMA1_Channel2_IRQHandler
                0x0000000008003140                CAN1_SCE_IRQHandler
                0x0000000008003140                FLASH_IRQHandler
                0x0000000008003140                I2C1_ER_IRQHandler
                0x0000000008003140                USBWakeUp_IRQHandler
 *fill*         0x0000000008003142        0x2 
 .text.__libc_init_array
                0x0000000008003144       0x48 c:/st/stm32cubeide_1.4.0/stm32cubeide/plugins/com.st.stm32cube.ide.mcu.externaltools.gnu-tools-for-stm32.7-2018-q2-update.win32_1.4.0.202007081208/tools/bin/../lib/gcc/arm-none-eabi/7.3.1/../../../../arm-none-eabi/lib/thumb/v7-m\libc_nano.a(lib_a-init.o)
                0x0000000008003144                __libc_init_array
 *(.glue_7)
 .glue_7        0x000000000800318c        0x0 linker stubs
 *(.glue_7t)
 .glue_7t       0x000000000800318c        0x0 linker stubs
 *(.eh_frame)
 .eh_frame      0x000000000800318c        0x0 c:/st/stm32cubeide_1.4.0/stm32cubeide/plugins/com.st.stm32cube.ide.mcu.externaltools.gnu-tools-for-stm32.7-2018-q2-update.win32_1.4.0.202007081208/tools/bin/../lib/gcc/arm-none-eabi/7.3.1/thumb/v7-m/crtbegin.o
 *(.init)
 .init          0x000000000800318c        0x4 c:/st/stm32cubeide_1.4.0/stm32cubeide/plugins/com.st.stm32cube.ide.mcu.externaltools.gnu-tools-for-stm32.7-2018-q2-update.win32_1.4.0.202007081208/tools/bin/../lib/gcc/arm-none-eabi/7.3.1/thumb/v7-m/crti.o
                0x000000000800318c                _init
 .init          0x0000000008003190        0x8 c:/st/stm32cubeide_1.4.0/stm32cubeide/plugins/com.st.stm32cube.ide.mcu.externaltools.gnu-tools-for-stm32.7-2018-q2-update.win32_1.4.0.202007081208/tools/bin/../lib/gcc/arm-none-eabi/7.3.1/thumb/v7-m/crtn.o
 *(.fini)
 .fini          0x0000000008003198        0x4 c:/st/stm32cubeide_1.4.0/stm32cubeide/plugins/com.st.stm32cube.ide.mcu.externaltools.gnu-tools-for-stm32.7-2018-q2-update.win32_1.4.0.202007081208/tools/bin/../lib/gcc/arm-none-eabi/7.3.1/thumb/v7-m/crti.o
                0x0000000008003198                _fini
 .fini          0x000000000800319c        0x8 c:/st/stm32cubeide_1.4.0/stm32cubeide/plugins/com.st.stm32cube.ide.mcu.externaltools.gnu-tools-for-stm32.7-2018-q2-update.win32_1.4.0.202007081208/tools/bin/../lib/gcc/arm-none-eabi/7.3.1/thumb/v7-m/crtn.o
                0x00000000080031a4                . = ALIGN (0x4)
                0x00000000080031a4                _etext = .

.vfp11_veneer   0x00000000080031a4        0x0
 .vfp11_veneer  0x00000000080031a4        0x0 linker stubs

.v4_bx          0x00000000080031a4        0x0
 .v4_bx         0x00000000080031a4        0x0 linker stubs

.iplt           0x00000000080031a4        0x0
 .iplt          0x00000000080031a4        0x0 c:/st/stm32cubeide_1.4.0/stm32cubeide/plugins/com.st.stm32cube.ide.mcu.externaltools.gnu-tools-for-stm32.7-2018-q2-update.win32_1.4.0.202007081208/tools/bin/../lib/gcc/arm-none-eabi/7.3.1/thumb/v7-m/crtbegin.o

.rel.dyn        0x00000000080031a4        0x0
 .rel.iplt      0x00000000080031a4        0x0 c:/st/stm32cubeide_1.4.0/stm32cubeide/plugins/com.st.stm32cube.ide.mcu.externaltools.gnu-tools-for-stm32.7-2018-q2-update.win32_1.4.0.202007081208/tools/bin/../lib/gcc/arm-none-eabi/7.3.1/thumb/v7-m/crtbegin.o

.rodata         0x00000000080031a4        0x0
                0x00000000080031a4                . = ALIGN (0x4)
 *(.rodata)
 *(.rodata*)
                0x00000000080031a4                . = ALIGN (0x4)

.ARM.extab      0x00000000080031a4        0x0
                0x00000000080031a4                . = ALIGN (0x4)
 *(.ARM.extab* .gnu.linkonce.armextab.*)
                0x00000000080031a4                . = ALIGN (0x4)

.ARM            0x00000000080031a4        0x0
                0x00000000080031a4                . = ALIGN (0x4)
                0x00000000080031a4                __exidx_start = .
 *(.ARM.exidx*)
                0x00000000080031a4                __exidx_end = .
                0x00000000080031a4                . = ALIGN (0x4)

.preinit_array  0x00000000080031a4        0x0
                0x00000000080031a4                . = ALIGN (0x4)
                0x00000000080031a4                PROVIDE (__preinit_array_start = .)
 *(.preinit_array*)
                0x00000000080031a4                PROVIDE (__preinit_array_end = .)
                0x00000000080031a4                . = ALIGN (0x4)

.init_array     0x00000000080031a4        0x4
                0x00000000080031a4                . = ALIGN (0x4)
                0x00000000080031a4                PROVIDE (__init_array_start = .)
 *(SORT_BY_NAME(.init_array.*))
 *(.init_array*)
 .init_array    0x00000000080031a4        0x4 c:/st/stm32cubeide_1.4.0/stm32cubeide/plugins/com.st.stm32cube.ide.mcu.externaltools.gnu-tools-for-stm32.7-2018-q2-update.win32_1.4.0.202007081208/tools/bin/../lib/gcc/arm-none-eabi/7.3.1/thumb/v7-m/crtbegin.o
                0x00000000080031a8                PROVIDE (__init_array_end = .)
                0x00000000080031a8                . = ALIGN (0x4)

.fini_array     0x00000000080031a8        0x4
                0x00000000080031a8                . = ALIGN (0x4)
                [!provide]                        PROVIDE (__fini_array_start = .)
 *(SORT_BY_NAME(.fini_array.*))
 *(.fini_array*)
 .fini_array    0x00000000080031a8        0x4 c:/st/stm32cubeide_1.4.0/stm32cubeide/plugins/com.st.stm32cube.ide.mcu.externaltools.gnu-tools-for-stm32.7-2018-q2-update.win32_1.4.0.202007081208/tools/bin/../lib/gcc/arm-none-eabi/7.3.1/thumb/v7-m/crtbegin.o
                [!provide]                        PROVIDE (__fini_array_end = .)
                0x00000000080031ac                . = ALIGN (0x4)
                0x00000000080031ac                _sidata = LOADADDR (.data)

.data           0x0000000020000000       0xcc load address 0x00000000080031ac
                0x0000000020000000                . = ALIGN (0x4)
                0x0000000020000000                _sdata = .
 *(.data)
 *(.data*)
 .data.gl_SPI_data_queue
                0x0000000020000000       0xca Core/Src/SPI_program.o
                0x0000000020000000                gl_SPI_data_queue
 .data.G_u8_LimetedSpeed
                0x00000000200000ca        0x1 Core/Src/main.o
                0x00000000200000ca                G_u8_LimetedSpeed
                0x00000000200000cc                . = ALIGN (0x4)
 *fill*         0x00000000200000cb        0x1 
                0x00000000200000cc                _edata = .

.igot.plt       0x00000000200000cc        0x0 load address 0x0000000008003278
 .igot.plt      0x00000000200000cc        0x0 c:/st/stm32cubeide_1.4.0/stm32cubeide/plugins/com.st.stm32cube.ide.mcu.externaltools.gnu-tools-for-stm32.7-2018-q2-update.win32_1.4.0.202007081208/tools/bin/../lib/gcc/arm-none-eabi/7.3.1/thumb/v7-m/crtbegin.o
                0x00000000200000cc                . = ALIGN (0x4)

.bss            0x00000000200000cc      0x110 load address 0x0000000008003278
                0x00000000200000cc                _sbss = .
                0x00000000200000cc                __bss_start__ = _sbss
 *(.bss)
 .bss           0x00000000200000cc       0x1c c:/st/stm32cubeide_1.4.0/stm32cubeide/plugins/com.st.stm32cube.ide.mcu.externaltools.gnu-tools-for-stm32.7-2018-q2-update.win32_1.4.0.202007081208/tools/bin/../lib/gcc/arm-none-eabi/7.3.1/thumb/v7-m/crtbegin.o
 *(.bss*)
 .bss.EXTI0_CallBack
                0x00000000200000e8        0x4 Core/Src/EXTI_program.o
 .bss.gl_ptr_Function
                0x00000000200000ec        0x4 Core/Src/SPI_program.o
                0x00000000200000ec                gl_ptr_Function
 .bss.MSTK_CallBack
                0x00000000200000f0        0x4 Core/Src/STK_program.o
 .bss.MSTK_u8ModeOfInterval
                0x00000000200000f4        0x1 Core/Src/STK_program.o
 .bss.channel1_set
                0x00000000200000f5        0x1 Core/Src/Timer_prog.o
                0x00000000200000f5                channel1_set
 .bss.channel2_set
                0x00000000200000f6        0x1 Core/Src/Timer_prog.o
                0x00000000200000f6                channel2_set
 .bss.local_u8_RX_Busyflag
                0x00000000200000f7        0x1 Core/Src/UART_program.o
                0x00000000200000f7                local_u8_RX_Busyflag
 .bss.G_xMy_Data
                0x00000000200000f8        0x2 Core/Src/main.o
                0x00000000200000f8                G_xMy_Data
 *fill*         0x00000000200000fa        0x2 
 .bss.G_xNear_Distance
                0x00000000200000fc        0x4 Core/Src/main.o
                0x00000000200000fc                G_xNear_Distance
 .bss.G_u16DataAfterProccing
                0x0000000020000100        0x2 Core/Src/main.o
                0x0000000020000100                G_u16DataAfterProccing
 *(COMMON)
 *fill*         0x0000000020000102        0x2 
 COMMON         0x0000000020000104       0xd4 Core/Src/UART_program.o
                0x0000000020000104                global_u8String
                0x00000000200001cc                MUSART2_CallBack
                0x00000000200001d0                MUSART1_CallBack
                0x00000000200001d4                MUSART3_CallBack
 COMMON         0x00000000200001d8        0x1 Core/Src/main.o
                0x00000000200001d8                APP_G_u8DataFromUART
                0x00000000200001dc                . = ALIGN (0x4)
 *fill*         0x00000000200001d9        0x3 
                0x00000000200001dc                _ebss = .
                0x00000000200001dc                __bss_end__ = _ebss

._user_heap_stack
                0x00000000200001dc      0x604 load address 0x0000000008003278
                0x00000000200001e0                . = ALIGN (0x8)
 *fill*         0x00000000200001dc        0x4 
                [!provide]                        PROVIDE (end = .)
                0x00000000200001e0                PROVIDE (_end = .)
                0x00000000200003e0                . = (. + _Min_Heap_Size)
 *fill*         0x00000000200001e0      0x200 
                0x00000000200007e0                . = (. + _Min_Stack_Size)
 *fill*         0x00000000200003e0      0x400 
                0x00000000200007e0                . = ALIGN (0x8)

/DISCARD/
 libc.a(*)
 libm.a(*)
 libgcc.a(*)

.ARM.attributes
                0x0000000000000000       0x29
 *(.ARM.attributes)
 .ARM.attributes
                0x0000000000000000       0x1d c:/st/stm32cubeide_1.4.0/stm32cubeide/plugins/com.st.stm32cube.ide.mcu.externaltools.gnu-tools-for-stm32.7-2018-q2-update.win32_1.4.0.202007081208/tools/bin/../lib/gcc/arm-none-eabi/7.3.1/thumb/v7-m/crti.o
 .ARM.attributes
                0x000000000000001d       0x2d c:/st/stm32cubeide_1.4.0/stm32cubeide/plugins/com.st.stm32cube.ide.mcu.externaltools.gnu-tools-for-stm32.7-2018-q2-update.win32_1.4.0.202007081208/tools/bin/../lib/gcc/arm-none-eabi/7.3.1/thumb/v7-m/crtbegin.o
 .ARM.attributes
                0x000000000000004a       0x2d Core/Src/EXTI_program.o
 .ARM.attributes
                0x0000000000000077       0x2d Core/Src/GPIO_program.o
 .ARM.attributes
                0x00000000000000a4       0x2d Core/Src/PWM_DCmotor_prog.o
 .ARM.attributes
                0x00000000000000d1       0x2d Core/Src/RCC_program.o
 .ARM.attributes
                0x00000000000000fe       0x2d Core/Src/SPI_program.o
 .ARM.attributes
                0x000000000000012b       0x2d Core/Src/STK_program.o
 .ARM.attributes
                0x0000000000000158       0x2d Core/Src/Timer_prog.o
 .ARM.attributes
                0x0000000000000185       0x33 Core/Src/UART_program.o
 .ARM.attributes
                0x00000000000001b8       0x2d Core/Src/Ultrasonic_prog.o
 .ARM.attributes
                0x00000000000001e5       0x33 Core/Src/main.o
 .ARM.attributes
                0x0000000000000218       0x2d Core/Src/stm32f1xx_it.o
 .ARM.attributes
                0x0000000000000245       0x2d Core/Src/system_stm32f1xx.o
 .ARM.attributes
                0x0000000000000272       0x21 Core/Startup/startup_stm32f103c8tx.o
 .ARM.attributes
                0x0000000000000293       0x2d c:/st/stm32cubeide_1.4.0/stm32cubeide/plugins/com.st.stm32cube.ide.mcu.externaltools.gnu-tools-for-stm32.7-2018-q2-update.win32_1.4.0.202007081208/tools/bin/../lib/gcc/arm-none-eabi/7.3.1/../../../../arm-none-eabi/lib/thumb/v7-m\libc_nano.a(lib_a-init.o)
 .ARM.attributes
                0x00000000000002c0       0x1d c:/st/stm32cubeide_1.4.0/stm32cubeide/plugins/com.st.stm32cube.ide.mcu.externaltools.gnu-tools-for-stm32.7-2018-q2-update.win32_1.4.0.202007081208/tools/bin/../lib/gcc/arm-none-eabi/7.3.1/thumb/v7-m\libgcc.a(_arm_addsubdf3.o)
 .ARM.attributes
                0x00000000000002dd       0x1d c:/st/stm32cubeide_1.4.0/stm32cubeide/plugins/com.st.stm32cube.ide.mcu.externaltools.gnu-tools-for-stm32.7-2018-q2-update.win32_1.4.0.202007081208/tools/bin/../lib/gcc/arm-none-eabi/7.3.1/thumb/v7-m\libgcc.a(_arm_cmpdf2.o)
 .ARM.attributes
                0x00000000000002fa       0x1d c:/st/stm32cubeide_1.4.0/stm32cubeide/plugins/com.st.stm32cube.ide.mcu.externaltools.gnu-tools-for-stm32.7-2018-q2-update.win32_1.4.0.202007081208/tools/bin/../lib/gcc/arm-none-eabi/7.3.1/thumb/v7-m/crtn.o
OUTPUT(bluebil.elf elf32-littlearm)

.debug_info     0x0000000000000000     0x2155
 .debug_info    0x0000000000000000      0x1f0 Core/Src/EXTI_program.o
 .debug_info    0x00000000000001f0      0x2da Core/Src/GPIO_program.o
 .debug_info    0x00000000000004ca      0x1a7 Core/Src/PWM_DCmotor_prog.o
 .debug_info    0x0000000000000671      0x1e3 Core/Src/RCC_program.o
 .debug_info    0x0000000000000854      0x3bb Core/Src/SPI_program.o
 .debug_info    0x0000000000000c0f      0x218 Core/Src/STK_program.o
 .debug_info    0x0000000000000e27      0x60e Core/Src/Timer_prog.o
 .debug_info    0x0000000000001435      0x50f Core/Src/UART_program.o
 .debug_info    0x0000000000001944      0x16e Core/Src/Ultrasonic_prog.o
 .debug_info    0x0000000000001ab2      0x359 Core/Src/main.o
 .debug_info    0x0000000000001e0b       0xf8 Core/Src/stm32f1xx_it.o
 .debug_info    0x0000000000001f03      0x222 Core/Src/system_stm32f1xx.o
 .debug_info    0x0000000000002125       0x30 Core/Startup/startup_stm32f103c8tx.o

.debug_abbrev   0x0000000000000000      0xd20
 .debug_abbrev  0x0000000000000000      0x119 Core/Src/EXTI_program.o
 .debug_abbrev  0x0000000000000119      0x12f Core/Src/GPIO_program.o
 .debug_abbrev  0x0000000000000248       0xbb Core/Src/PWM_DCmotor_prog.o
 .debug_abbrev  0x0000000000000303       0xe9 Core/Src/RCC_program.o
 .debug_abbrev  0x00000000000003ec      0x1b1 Core/Src/SPI_program.o
 .debug_abbrev  0x000000000000059d      0x12c Core/Src/STK_program.o
 .debug_abbrev  0x00000000000006c9      0x139 Core/Src/Timer_prog.o
 .debug_abbrev  0x0000000000000802      0x15d Core/Src/UART_program.o
 .debug_abbrev  0x000000000000095f       0xdf Core/Src/Ultrasonic_prog.o
 .debug_abbrev  0x0000000000000a3e      0x138 Core/Src/main.o
 .debug_abbrev  0x0000000000000b76       0x47 Core/Src/stm32f1xx_it.o
 .debug_abbrev  0x0000000000000bbd      0x13f Core/Src/system_stm32f1xx.o
 .debug_abbrev  0x0000000000000cfc       0x24 Core/Startup/startup_stm32f103c8tx.o

.debug_aranges  0x0000000000000000      0x408
 .debug_aranges
                0x0000000000000000       0x50 Core/Src/EXTI_program.o
 .debug_aranges
                0x0000000000000050       0x50 Core/Src/GPIO_program.o
 .debug_aranges
                0x00000000000000a0       0x38 Core/Src/PWM_DCmotor_prog.o
 .debug_aranges
                0x00000000000000d8       0x38 Core/Src/RCC_program.o
 .debug_aranges
                0x0000000000000110       0x68 Core/Src/SPI_program.o
 .debug_aranges
                0x0000000000000178       0x58 Core/Src/STK_program.o
 .debug_aranges
                0x00000000000001d0       0x28 Core/Src/Timer_prog.o
 .debug_aranges
                0x00000000000001f8       0x98 Core/Src/UART_program.o
 .debug_aranges
                0x0000000000000290       0x28 Core/Src/Ultrasonic_prog.o
 .debug_aranges
                0x00000000000002b8       0xa8 Core/Src/main.o
 .debug_aranges
                0x0000000000000360       0x58 Core/Src/stm32f1xx_it.o
 .debug_aranges
                0x00000000000003b8       0x28 Core/Src/system_stm32f1xx.o
 .debug_aranges
                0x00000000000003e0       0x28 Core/Startup/startup_stm32f103c8tx.o

.debug_rnglists
                0x0000000000000000      0x1ec
 .debug_rnglists
                0x0000000000000000       0x37 Core/Src/EXTI_program.o
 .debug_rnglists
                0x0000000000000037       0x3e Core/Src/GPIO_program.o
 .debug_rnglists
                0x0000000000000075       0x25 Core/Src/PWM_DCmotor_prog.o
 .debug_rnglists
                0x000000000000009a       0x25 Core/Src/RCC_program.o
 .debug_rnglists
                0x00000000000000bf       0x4a Core/Src/SPI_program.o
 .debug_rnglists
                0x0000000000000109       0x3d Core/Src/STK_program.o
 .debug_rnglists
                0x0000000000000146       0x1b Core/Src/Timer_prog.o
 .debug_rnglists
                0x0000000000000161       0x1b Core/Src/Ultrasonic_prog.o
 .debug_rnglists
                0x000000000000017c       0x3d Core/Src/stm32f1xx_it.o
 .debug_rnglists
                0x00000000000001b9       0x1a Core/Src/system_stm32f1xx.o
 .debug_rnglists
                0x00000000000001d3       0x19 Core/Startup/startup_stm32f103c8tx.o

.debug_macro    0x0000000000000000     0x217e
 .debug_macro   0x0000000000000000       0x3f Core/Src/EXTI_program.o
 .debug_macro   0x000000000000003f       0x16 Core/Src/EXTI_program.o
 .debug_macro   0x0000000000000055       0x82 Core/Src/EXTI_program.o
 .debug_macro   0x00000000000000d7       0x3e Core/Src/GPIO_program.o
 .debug_macro   0x0000000000000115       0xf4 Core/Src/GPIO_program.o
 .debug_macro   0x0000000000000209      0x5d9 Core/Src/GPIO_program.o
 .debug_macro   0x00000000000007e2      0x11e Core/Src/GPIO_program.o
 .debug_macro   0x0000000000000900       0x62 Core/Src/PWM_DCmotor_prog.o
 .debug_macro   0x0000000000000962       0x40 Core/Src/PWM_DCmotor_prog.o
 .debug_macro   0x00000000000009a2       0x6a Core/Src/PWM_DCmotor_prog.o
 .debug_macro   0x0000000000000a0c       0x46 Core/Src/PWM_DCmotor_prog.o
 .debug_macro   0x0000000000000a52       0x10 Core/Src/PWM_DCmotor_prog.o
 .debug_macro   0x0000000000000a62       0x4d Core/Src/RCC_program.o
 .debug_macro   0x0000000000000aaf      0x142 Core/Src/RCC_program.o
 .debug_macro   0x0000000000000bf1       0x2e Core/Src/RCC_program.o
 .debug_macro   0x0000000000000c1f       0x3f Core/Src/SPI_program.o
 .debug_macro   0x0000000000000c5e       0xee Core/Src/SPI_program.o
 .debug_macro   0x0000000000000d4c       0x2e Core/Src/SPI_program.o
 .debug_macro   0x0000000000000d7a       0x3f Core/Src/STK_program.o
 .debug_macro   0x0000000000000db9       0x28 Core/Src/STK_program.o
 .debug_macro   0x0000000000000de1       0x10 Core/Src/STK_program.o
 .debug_macro   0x0000000000000df1       0x50 Core/Src/Timer_prog.o
 .debug_macro   0x0000000000000e41       0x3a Core/Src/Timer_prog.o
 .debug_macro   0x0000000000000e7b      0xaee Core/Src/Timer_prog.o
 .debug_macro   0x0000000000001969       0x90 Core/Src/Timer_prog.o
 .debug_macro   0x00000000000019f9       0x68 Core/Src/UART_program.o
 .debug_macro   0x0000000000001a61      0x13c Core/Src/UART_program.o
 .debug_macro   0x0000000000001b9d       0x51 Core/Src/Ultrasonic_prog.o
 .debug_macro   0x0000000000001bee       0x22 Core/Src/Ultrasonic_prog.o
 .debug_macro   0x0000000000001c10       0x6a Core/Src/Ultrasonic_prog.o
 .debug_macro   0x0000000000001c7a       0x94 Core/Src/Ultrasonic_prog.o
 .debug_macro   0x0000000000001d0e       0xaa Core/Src/main.o
 .debug_macro   0x0000000000001db8       0x88 Core/Src/main.o
 .debug_macro   0x0000000000001e40       0x22 Core/Src/main.o
 .debug_macro   0x0000000000001e62      0x198 Core/Src/stm32f1xx_it.o
 .debug_macro   0x0000000000001ffa      0x184 Core/Src/system_stm32f1xx.o

.debug_line     0x0000000000000000     0x2b1d
 .debug_line    0x0000000000000000      0x15c Core/Src/EXTI_program.o
 .debug_line    0x000000000000015c      0x4a6 Core/Src/GPIO_program.o
 .debug_line    0x0000000000000602      0x193 Core/Src/PWM_DCmotor_prog.o
 .debug_line    0x0000000000000795      0x146 Core/Src/RCC_program.o
 .debug_line    0x00000000000008db      0x265 Core/Src/SPI_program.o
 .debug_line    0x0000000000000b40      0x1dc Core/Src/STK_program.o
 .debug_line    0x0000000000000d1c      0x6bf Core/Src/Timer_prog.o
 .debug_line    0x00000000000013db      0x257 Core/Src/UART_program.o
 .debug_line    0x0000000000001632      0x1d4 Core/Src/Ultrasonic_prog.o
 .debug_line    0x0000000000001806      0x3ec Core/Src/main.o
 .debug_line    0x0000000000001bf2      0x76c Core/Src/stm32f1xx_it.o
 .debug_line    0x000000000000235e      0x746 Core/Src/system_stm32f1xx.o
 .debug_line    0x0000000000002aa4       0x79 Core/Startup/startup_stm32f103c8tx.o

.debug_str      0x0000000000000000    0x83ba7
 .debug_str     0x0000000000000000     0x3ad4 Core/Src/EXTI_program.o
                                       0x3b5f (size before relaxing)
 .debug_str     0x0000000000003ad4     0x3128 Core/Src/GPIO_program.o
                                       0x6a02 (size before relaxing)
 .debug_str     0x0000000000006bfc      0x3e8 Core/Src/PWM_DCmotor_prog.o
                                       0x4042 (size before relaxing)
 .debug_str     0x0000000000006fe4      0x3be Core/Src/RCC_program.o
                                       0x3c9d (size before relaxing)
 .debug_str     0x00000000000073a2      0x596 Core/Src/SPI_program.o
                                       0x3e70 (size before relaxing)
 .debug_str     0x0000000000007938      0x206 Core/Src/STK_program.o
                                       0x3ae5 (size before relaxing)
 .debug_str     0x0000000000007b3e     0x2c29 Core/Src/Timer_prog.o
                                       0x695c (size before relaxing)
 .debug_str     0x000000000000a767      0xf53 Core/Src/UART_program.o
                                       0x484a (size before relaxing)
 .debug_str     0x000000000000b6ba      0x531 Core/Src/Ultrasonic_prog.o
                                       0x41d0 (size before relaxing)
 .debug_str     0x000000000000bbeb      0x3b5 Core/Src/main.o
                                       0x4523 (size before relaxing)
 .debug_str     0x000000000000bfa0    0x77b24 Core/Src/stm32f1xx_it.o
                                      0x7abd2 (size before relaxing)
 .debug_str     0x0000000000083ac4       0x9f Core/Src/system_stm32f1xx.o
                                      0x7ac04 (size before relaxing)
 .debug_str     0x0000000000083b63       0x44 Core/Startup/startup_stm32f103c8tx.o
                                         0x6d (size before relaxing)

.comment        0x0000000000000000       0xbe
 .comment       0x0000000000000000       0x43 Core/Src/EXTI_program.o
                                         0x44 (size before relaxing)
 .comment       0x0000000000000043       0x44 Core/Src/GPIO_program.o
 .comment       0x0000000000000043       0x44 Core/Src/PWM_DCmotor_prog.o
 .comment       0x0000000000000043       0x44 Core/Src/RCC_program.o
 .comment       0x0000000000000043       0x44 Core/Src/SPI_program.o
 .comment       0x0000000000000043       0x44 Core/Src/STK_program.o
 .comment       0x0000000000000043       0x44 Core/Src/Timer_prog.o
 .comment       0x0000000000000043       0x7b Core/Src/UART_program.o
                                         0x7c (size before relaxing)
 .comment       0x00000000000000be       0x44 Core/Src/Ultrasonic_prog.o
 .comment       0x00000000000000be       0x7c Core/Src/main.o
 .comment       0x00000000000000be       0x44 Core/Src/stm32f1xx_it.o
 .comment       0x00000000000000be       0x44 Core/Src/system_stm32f1xx.o

.debug_frame    0x0000000000000000      0xe64
 .debug_frame   0x0000000000000000      0x114 Core/Src/EXTI_program.o
 .debug_frame   0x0000000000000114      0x120 Core/Src/GPIO_program.o
 .debug_frame   0x0000000000000234       0xa0 Core/Src/PWM_DCmotor_prog.o
 .debug_frame   0x00000000000002d4       0xa8 Core/Src/RCC_program.o
 .debug_frame   0x000000000000037c      0x180 Core/Src/SPI_program.o
 .debug_frame   0x00000000000004fc      0x13c Core/Src/STK_program.o
 .debug_frame   0x0000000000000638       0x60 Core/Src/Timer_prog.o
 .debug_frame   0x0000000000000698      0x270 Core/Src/UART_program.o
 .debug_frame   0x0000000000000908       0x5c Core/Src/Ultrasonic_prog.o
 .debug_frame   0x0000000000000964      0x21c Core/Src/main.o
 .debug_frame   0x0000000000000b80       0xf0 Core/Src/stm32f1xx_it.o
 .debug_frame   0x0000000000000c70       0x58 Core/Src/system_stm32f1xx.o
 .debug_frame   0x0000000000000cc8       0x2c c:/st/stm32cubeide_1.4.0/stm32cubeide/plugins/com.st.stm32cube.ide.mcu.externaltools.gnu-tools-for-stm32.7-2018-q2-update.win32_1.4.0.202007081208/tools/bin/../lib/gcc/arm-none-eabi/7.3.1/../../../../arm-none-eabi/lib/thumb/v7-m\libc_nano.a(lib_a-init.o)
 .debug_frame   0x0000000000000cf4       0xac c:/st/stm32cubeide_1.4.0/stm32cubeide/plugins/com.st.stm32cube.ide.mcu.externaltools.gnu-tools-for-stm32.7-2018-q2-update.win32_1.4.0.202007081208/tools/bin/../lib/gcc/arm-none-eabi/7.3.1/thumb/v7-m\libgcc.a(_arm_addsubdf3.o)
 .debug_frame   0x0000000000000da0       0xc4 c:/st/stm32cubeide_1.4.0/stm32cubeide/plugins/com.st.stm32cube.ide.mcu.externaltools.gnu-tools-for-stm32.7-2018-q2-update.win32_1.4.0.202007081208/tools/bin/../lib/gcc/arm-none-eabi/7.3.1/thumb/v7-m\libgcc.a(_arm_cmpdf2.o)

.debug_ranges   0x0000000000000000      0x120
 .debug_ranges  0x0000000000000000       0x88 Core/Src/UART_program.o
 .debug_ranges  0x0000000000000088       0x98 Core/Src/main.o

.debug_line_str
                0x0000000000000000       0x51
 .debug_line_str
                0x0000000000000000       0x51 Core/Startup/startup_stm32f103c8tx.o
