Archive member included to satisfy reference by file (symbol)

D:/Progs/STM32CubeIDE_1.15.1/STM32CubeIDE/plugins/com.st.stm32cube.ide.mcu.externaltools.gnu-tools-for-stm32.12.3.rel1.win32_1.0.100.202403111256/tools/bin/../lib/gcc/arm-none-eabi/12.3.1/../../../../arm-none-eabi/lib/thumb/v7-m/nofp\libc_nano.a(libc_a-exit.o)
                              D:/Progs/STM32CubeIDE_1.15.1/STM32CubeIDE/plugins/com.st.stm32cube.ide.mcu.externaltools.gnu-tools-for-stm32.12.3.rel1.win32_1.0.100.202403111256/tools/bin/../lib/gcc/arm-none-eabi/12.3.1/../../../../arm-none-eabi/lib/thumb/v7-m/nofp/crt0.o (exit)
D:/Progs/STM32CubeIDE_1.15.1/STM32CubeIDE/plugins/com.st.stm32cube.ide.mcu.externaltools.gnu-tools-for-stm32.12.3.rel1.win32_1.0.100.202403111256/tools/bin/../lib/gcc/arm-none-eabi/12.3.1/../../../../arm-none-eabi/lib/thumb/v7-m/nofp\libc_nano.a(libc_a-findfp.o)
                              D:/Progs/STM32CubeIDE_1.15.1/STM32CubeIDE/plugins/com.st.stm32cube.ide.mcu.externaltools.gnu-tools-for-stm32.12.3.rel1.win32_1.0.100.202403111256/tools/bin/../lib/gcc/arm-none-eabi/12.3.1/../../../../arm-none-eabi/lib/thumb/v7-m/nofp\libc_nano.a(libc_a-exit.o) (__stdio_exit_handler)
D:/Progs/STM32CubeIDE_1.15.1/STM32CubeIDE/plugins/com.st.stm32cube.ide.mcu.externaltools.gnu-tools-for-stm32.12.3.rel1.win32_1.0.100.202403111256/tools/bin/../lib/gcc/arm-none-eabi/12.3.1/../../../../arm-none-eabi/lib/thumb/v7-m/nofp\libc_nano.a(libc_a-fwalk.o)
                              D:/Progs/STM32CubeIDE_1.15.1/STM32CubeIDE/plugins/com.st.stm32cube.ide.mcu.externaltools.gnu-tools-for-stm32.12.3.rel1.win32_1.0.100.202403111256/tools/bin/../lib/gcc/arm-none-eabi/12.3.1/../../../../arm-none-eabi/lib/thumb/v7-m/nofp\libc_nano.a(libc_a-findfp.o) (_fwalk_sglue)
D:/Progs/STM32CubeIDE_1.15.1/STM32CubeIDE/plugins/com.st.stm32cube.ide.mcu.externaltools.gnu-tools-for-stm32.12.3.rel1.win32_1.0.100.202403111256/tools/bin/../lib/gcc/arm-none-eabi/12.3.1/../../../../arm-none-eabi/lib/thumb/v7-m/nofp\libc_nano.a(libc_a-stdio.o)
                              D:/Progs/STM32CubeIDE_1.15.1/STM32CubeIDE/plugins/com.st.stm32cube.ide.mcu.externaltools.gnu-tools-for-stm32.12.3.rel1.win32_1.0.100.202403111256/tools/bin/../lib/gcc/arm-none-eabi/12.3.1/../../../../arm-none-eabi/lib/thumb/v7-m/nofp\libc_nano.a(libc_a-findfp.o) (__sread)
D:/Progs/STM32CubeIDE_1.15.1/STM32CubeIDE/plugins/com.st.stm32cube.ide.mcu.externaltools.gnu-tools-for-stm32.12.3.rel1.win32_1.0.100.202403111256/tools/bin/../lib/gcc/arm-none-eabi/12.3.1/../../../../arm-none-eabi/lib/thumb/v7-m/nofp\libc_nano.a(libc_a-memset.o)
                              D:/Progs/STM32CubeIDE_1.15.1/STM32CubeIDE/plugins/com.st.stm32cube.ide.mcu.externaltools.gnu-tools-for-stm32.12.3.rel1.win32_1.0.100.202403111256/tools/bin/../lib/gcc/arm-none-eabi/12.3.1/../../../../arm-none-eabi/lib/thumb/v7-m/nofp/crt0.o (memset)
D:/Progs/STM32CubeIDE_1.15.1/STM32CubeIDE/plugins/com.st.stm32cube.ide.mcu.externaltools.gnu-tools-for-stm32.12.3.rel1.win32_1.0.100.202403111256/tools/bin/../lib/gcc/arm-none-eabi/12.3.1/../../../../arm-none-eabi/lib/thumb/v7-m/nofp\libc_nano.a(libc_a-closer.o)
                              D:/Progs/STM32CubeIDE_1.15.1/STM32CubeIDE/plugins/com.st.stm32cube.ide.mcu.externaltools.gnu-tools-for-stm32.12.3.rel1.win32_1.0.100.202403111256/tools/bin/../lib/gcc/arm-none-eabi/12.3.1/../../../../arm-none-eabi/lib/thumb/v7-m/nofp\libc_nano.a(libc_a-stdio.o) (_close_r)
D:/Progs/STM32CubeIDE_1.15.1/STM32CubeIDE/plugins/com.st.stm32cube.ide.mcu.externaltools.gnu-tools-for-stm32.12.3.rel1.win32_1.0.100.202403111256/tools/bin/../lib/gcc/arm-none-eabi/12.3.1/../../../../arm-none-eabi/lib/thumb/v7-m/nofp\libc_nano.a(libc_a-reent.o)
                              D:/Progs/STM32CubeIDE_1.15.1/STM32CubeIDE/plugins/com.st.stm32cube.ide.mcu.externaltools.gnu-tools-for-stm32.12.3.rel1.win32_1.0.100.202403111256/tools/bin/../lib/gcc/arm-none-eabi/12.3.1/../../../../arm-none-eabi/lib/thumb/v7-m/nofp\libc_nano.a(libc_a-closer.o) (errno)
D:/Progs/STM32CubeIDE_1.15.1/STM32CubeIDE/plugins/com.st.stm32cube.ide.mcu.externaltools.gnu-tools-for-stm32.12.3.rel1.win32_1.0.100.202403111256/tools/bin/../lib/gcc/arm-none-eabi/12.3.1/../../../../arm-none-eabi/lib/thumb/v7-m/nofp\libc_nano.a(libc_a-impure.o)
                              D:/Progs/STM32CubeIDE_1.15.1/STM32CubeIDE/plugins/com.st.stm32cube.ide.mcu.externaltools.gnu-tools-for-stm32.12.3.rel1.win32_1.0.100.202403111256/tools/bin/../lib/gcc/arm-none-eabi/12.3.1/../../../../arm-none-eabi/lib/thumb/v7-m/nofp\libc_nano.a(libc_a-reent.o) (_impure_ptr)
D:/Progs/STM32CubeIDE_1.15.1/STM32CubeIDE/plugins/com.st.stm32cube.ide.mcu.externaltools.gnu-tools-for-stm32.12.3.rel1.win32_1.0.100.202403111256/tools/bin/../lib/gcc/arm-none-eabi/12.3.1/../../../../arm-none-eabi/lib/thumb/v7-m/nofp\libc_nano.a(libc_a-lseekr.o)
[...]
Memory Configuration

Name             Origin             Length             Attributes
RAM              0x20000000         0x00005000         xrw
FLASH            0x08000000         0x00010000         xr
*default*        0x00000000         0xffffffff

Linker script and memory map

LOAD D:/Progs/STM32CubeIDE_1.15.1/STM32CubeIDE/plugins/com.st.stm32cube.ide.mcu.externaltools.gnu-tools-for-stm32.12.3.rel1.win32_1.0.100.202403111256/tools/bin/../lib/gcc/arm-none-eabi/12.3.1/thumb/v7-m/nofp/crti.o
LOAD D:/Progs/STM32CubeIDE_1.15.1/STM32CubeIDE/plugins/com.st.stm32cube.ide.mcu.externaltools.gnu-tools-for-stm32.12.3.rel1.win32_1.0.100.202403111256/tools/bin/../lib/gcc/arm-none-eabi/12.3.1/thumb/v7-m/nofp/crtbegin.o
LOAD D:/Progs/STM32CubeIDE_1.15.1/STM32CubeIDE/plugins/com.st.stm32cube.ide.mcu.externaltools.gnu-tools-for-stm32.12.3.rel1.win32_1.0.100.202403111256/tools/bin/../lib/gcc/arm-none-eabi/12.3.1/../../../../arm-none-eabi/lib/thumb/v7-m/nofp/crt0.o
LOAD ./Core/Src/AFIO_program.o
LOAD ./Core/Src/EXTI_program.o
LOAD ./Core/Src/GPIO_program.o
LOAD ./Core/Src/NVIC_program.o
LOAD ./Core/Src/PWM_DCmotor_prog.o
LOAD ./Core/Src/RCC_program.o
LOAD ./Core/Src/SPI_program.o
LOAD ./Core/Src/STK_program.o
LOAD ./Core/Src/Timer_prog.o
LOAD ./Core/Src/UART_conf.o
LOAD ./Core/Src/UART_program.o
LOAD ./Core/Src/Ultrasonic_prog.o
LOAD ./Core/Src/main.o
LOAD ./Core/Src/nrf24l01_program.o
LOAD ./Core/Src/stm32f1xx_hal_msp.o
LOAD ./Core/Src/stm32f1xx_it.o
LOAD ./Core/Src/syscalls.o
LOAD ./Core/Src/sysmem.o
LOAD ./Core/Src/system_stm32f1xx.o
LOAD ./Core/Startup/startup_stm32f103c8tx.o
LOAD ./Drivers/STM32F1xx_HAL_Driver/Src/stm32f1xx_hal.o
LOAD ./Drivers/STM32F1xx_HAL_Driver/Src/stm32f1xx_hal_cortex.o
LOAD ./Drivers/STM32F1xx_HAL_Driver/Src/stm32f1xx_hal_dma.o
LOAD ./Drivers/STM32F1xx_HAL_Driver/Src/stm32f1xx_hal_exti.o
LOAD ./Drivers/STM32F1xx_HAL_Driver/Src/stm32f1xx_hal_flash.o
LOAD ./Drivers/STM32F1xx_HAL_Driver/Src/stm32f1xx_hal_flash_ex.o
LOAD ./Drivers/STM32F1xx_HAL_Driver/Src/stm32f1xx_hal_gpio.o
LOAD ./Drivers/STM32F1xx_HAL_Driver/Src/stm32f1xx_hal_gpio_ex.o
LOAD ./Drivers/STM32F1xx_HAL_Driver/Src/stm32f1xx_hal_pwr.o
LOAD ./Drivers/STM32F1xx_HAL_Driver/Src/stm32f1xx_hal_rcc.o
LOAD ./Drivers/STM32F1xx_HAL_Driver/Src/stm32f1xx_hal_rcc_ex.o
LOAD ./Drivers/STM32F1xx_HAL_Driver/Src/stm32f1xx_hal_tim.o
LOAD ./Drivers/STM32F1xx_HAL_Driver/Src/stm32f1xx_hal_tim_ex.o
START GROUP
LOAD D:/Progs/STM32CubeIDE_1.15.1/STM32CubeIDE/plugins/com.st.stm32cube.ide.mcu.externaltools.gnu-tools-for-stm32.12.3.rel1.win32_1.0.100.202403111256/tools/bin/../lib/gcc/arm-none-eabi/12.3.1/../../../../arm-none-eabi/lib/thumb/v7-m/nofp\libc_nano.a
LOAD D:/Progs/STM32CubeIDE_1.15.1/STM32CubeIDE/plugins/com.st.stm32cube.ide.mcu.externaltools.gnu-tools-for-stm32.12.3.rel1.win32_1.0.100.202403111256/tools/bin/../lib/gcc/arm-none-eabi/12.3.1/../../../../arm-none-eabi/lib/thumb/v7-m/nofp\libm.a
END GROUP
START GROUP
LOAD D:/Progs/STM32CubeIDE_1.15.1/STM32CubeIDE/plugins/com.st.stm32cube.ide.mcu.externaltools.gnu-tools-for-stm32.12.3.rel1.win32_1.0.100.202403111256/tools/bin/../lib/gcc/arm-none-eabi/12.3.1/thumb/v7-m/nofp\libgcc.a
LOAD D:/Progs/STM32CubeIDE_1.15.1/STM32CubeIDE/plugins/com.st.stm32cube.ide.mcu.externaltools.gnu-tools-for-stm32.12.3.rel1.win32_1.0.100.202403111256/tools/bin/../lib/gcc/arm-none-eabi/12.3.1/../../../../arm-none-eabi/lib/thumb/v7-m/nofp\libc_nano.a
END GROUP
START GROUP
LOAD D:/Progs/STM32CubeIDE_1.15.1/STM32CubeIDE/plugins/com.st.stm32cube.ide.mcu.externaltools.gnu-tools-for-stm32.12.3.rel1.win32_1.0.100.202403111256/tools/bin/../lib/gcc/arm-none-eabi/12.3.1/thumb/v7-m/nofp\libgcc.a
LOAD D:/Progs/STM32CubeIDE_1.15.1/STM32CubeIDE/plugins/com.st.stm32cube.ide.mcu.externaltools.gnu-tools-for-stm32.12.3.rel1.win32_1.0.100.202403111256/tools/bin/../lib/gcc/arm-none-eabi/12.3.1/../../../../arm-none-eabi/lib/thumb/v7-m/nofp\libc_nano.a
LOAD D:/Progs/STM32CubeIDE_1.15.1/STM32CubeIDE/plugins/com.st.stm32cube.ide.mcu.externaltools.gnu-tools-for-stm32.12.3.rel1.win32_1.0.100.202403111256/tools/bin/../lib/gcc/arm-none-eabi/12.3.1/../../../../arm-none-eabi/lib/thumb/v7-m/nofp\libnosys.a
END GROUP
START GROUP
LOAD D:/Progs/STM32CubeIDE_1.15.1/STM32CubeIDE/plugins/com.st.stm32cube.ide.mcu.externaltools.gnu-tools-for-stm32.12.3.rel1.win32_1.0.100.202403111256/tools/bin/../lib/gcc/arm-none-eabi/12.3.1/thumb/v7-m/nofp\libgcc.a
LOAD D:/Progs/STM32CubeIDE_1.15.1/STM32CubeIDE/plugins/com.st.stm32cube.ide.mcu.externaltools.gnu-tools-for-stm32.12.3.rel1.win32_1.0.100.202403111256/tools/bin/../lib/gcc/arm-none-eabi/12.3.1/../../../../arm-none-eabi/lib/thumb/v7-m/nofp\libc_nano.a
LOAD D:/Progs/STM32CubeIDE_1.15.1/STM32CubeIDE/plugins/com.st.stm32cube.ide.mcu.externaltools.gnu-tools-for-stm32.12.3.rel1.win32_1.0.100.202403111256/tools/bin/../lib/gcc/arm-none-eabi/12.3.1/../../../../arm-none-eabi/lib/thumb/v7-m/nofp\libnosys.a
END GROUP
LOAD D:/Progs/STM32CubeIDE_1.15.1/STM32CubeIDE/plugins/com.st.stm32cube.ide.mcu.externaltools.gnu-tools-for-stm32.12.3.rel1.win32_1.0.100.202403111256/tools/bin/../lib/gcc/arm-none-eabi/12.3.1/thumb/v7-m/nofp/crtend.o
LOAD D:/Progs/STM32CubeIDE_1.15.1/STM32CubeIDE/plugins/com.st.stm32cube.ide.mcu.externaltools.gnu-tools-for-stm32.12.3.rel1.win32_1.0.100.202403111256/tools/bin/../lib/gcc/arm-none-eabi/12.3.1/thumb/v7-m/nofp/crtn.o
                0x20005000                        _estack = (ORIGIN (RAM) + LENGTH (RAM))
                0x00000200                        _Min_Heap_Size = 0x200
                0x00000400                        _Min_Stack_Size = 0x400

.isr_vector     0x08000000      0x10c
                0x08000000                        . = ALIGN (0x4)
 *(.isr_vector)
 .isr_vector    0x08000000      0x10c ./Core/Startup/startup_stm32f103c8tx.o
                0x08000000                g_pfnVectors
                0x0800010c                        . = ALIGN (0x4)

.text           0x0800010c     0x2b00
                0x0800010c                        . = ALIGN (0x4)
 *(.text)
 .text          0x0800010c       0x40 D:/Progs/STM32CubeIDE_1.15.1/STM32CubeIDE/plugins/com.st.stm32cube.ide.mcu.externaltools.gnu-tools-for-stm32.12.3.rel1.win32_1.0.100.202403111256/tools/bin/../lib/gcc/arm-none-eabi/12.3.1/thumb/v7-m/nofp/crtbegin.o
 *(.text*)
 .text.EXTI0_IRQHandler
                0x0800014c       0x24 ./Core/Src/EXTI_program.o
                0x0800014c                EXTI0_IRQHandler
 .text.GPIO_voidSetPinMode
                0x08000170      0x340 ./Core/Src/GPIO_program.o
                0x08000170                GPIO_voidSetPinMode
 .text.GPIO_voidSetPinValue
                0x080004b0      0x198 ./Core/Src/GPIO_program.o
                0x080004b0                GPIO_voidSetPinValue
 .text.MOTOR_init
                0x08000648       0x5c ./Core/Src/PWM_DCmotor_prog.o
                0x08000648                MOTOR_init
 .text.MOTOR_CounterClockWise
                0x080006a4       0x74 ./Core/Src/PWM_DCmotor_prog.o
                0x080006a4                MOTOR_CounterClockWise
 .text.MOTOR_ClockWise
                0x08000718       0x70 ./Core/Src/PWM_DCmotor_prog.o
                0x08000718                MOTOR_ClockWise
 .text.MOTOR_Stop
                0x08000788       0x42 ./Core/Src/PWM_DCmotor_prog.o
                0x08000788                MOTOR_Stop
 *fill*         0x080007ca        0x2 
 .text.RCC_voidInitSysClock
                0x080007cc       0x64 ./Core/Src/RCC_program.o
                0x080007cc                RCC_voidInitSysClock
 .text.RCC_voidEnablePeripheral
                0x08000830       0x74 ./Core/Src/RCC_program.o
                0x08000830                RCC_voidEnablePeripheral
 .text.truncate_queue
                0x080008a4       0x78 ./Core/Src/SPI_program.o
 .text.SPI1_IRQHandler
                0x0800091c       0x24 ./Core/Src/SPI_program.o
                0x0800091c                SPI1_IRQHandler
 .text.MSTK_voidInit
                0x08000940       0x18 ./Core/Src/STK_program.o
                0x08000940                MSTK_voidInit
 .text.SysTick_Handler
                0x08000958       0x5c ./Core/Src/STK_program.o
                0x08000958                SysTick_Handler
 .text.MTimer_voidInit
                0x080009b4      0x234 ./Core/Src/Timer_prog.o
                0x080009b4                MTimer_voidInit
 .text.MTimer_voidPWM
                0x08000be8      0xe4c ./Core/Src/Timer_prog.o
                0x08000be8                MTimer_voidPWM
 .text.MUART_voidEnable
                0x08001a34       0x1e ./Core/Src/UART_program.o
                0x08001a34                MUART_voidEnable
 *fill*         0x08001a52        0x2 
 .text.MUART_u8ReceiveByteSynchNonBlocking
                0x08001a54       0x54 ./Core/Src/UART_program.o
                0x08001a54                MUART_u8ReceiveByteSynchNonBlocking
 .text.MUART1_voidSetCallBack
                0x08001aa8       0x1c ./Core/Src/UART_program.o
                0x08001aa8                MUART1_voidSetCallBack
 .text.USART1_IRQHandler
                0x08001ac4       0x24 ./Core/Src/UART_program.o
                0x08001ac4                USART1_IRQHandler
 .text.USART2_IRQHandler
                0x08001ae8       0x24 ./Core/Src/UART_program.o
                0x08001ae8                USART2_IRQHandler
 .text.HUltrasonic_voidInit
                0x08001b0c       0xb4 ./Core/Src/Ultrasonic_prog.o
                0x08001b0c                HUltrasonic_voidInit
 .text.init_conf
                0x08001bc0       0x78 ./Core/Src/main.o
                0x08001bc0                init_conf
 .text.main     0x08001c38      0x13c ./Core/Src/main.o
                0x08001c38                main
 .text.APP_VoidStop
                0x08001d74       0x74 ./Core/Src/main.o
                0x08001d74                APP_VoidStop
 .text.APP_voidGoTasks
                0x08001de8      0x1b4 ./Core/Src/main.o
                0x08001de8                APP_voidGoTasks
 .text.APP_voidBackTasks
                0x08001f9c      0x1b4 ./Core/Src/main.o
                0x08001f9c                APP_voidBackTasks
 .text.APP_voidBackward_RightTasks
                0x08002150      0x1b4 ./Core/Src/main.o
                0x08002150                APP_voidBackward_RightTasks
 .text.APP_voidBackward_LEFTTasks
                0x08002304      0x1b4 ./Core/Src/main.o
                0x08002304                APP_voidBackward_LEFTTasks
 .text.APP_voidRight_LeftTasks
                0x080024b8        0xc ./Core/Src/main.o
                0x080024b8                APP_voidRight_LeftTasks
 .text.APP_voidForward_RightTasks
                0x080024c4      0x1b4 ./Core/Src/main.o
                0x080024c4                APP_voidForward_RightTasks
 .text.APP_voidForward_LeftTasks
                0x08002678      0x1b4 ./Core/Src/main.o
                0x08002678                APP_voidForward_LeftTasks
 .text.APP_GET_UART_Command
                0x0800282c        0xc ./Core/Src/main.o
                0x0800282c                APP_GET_UART_Command
 .text.ProcessingFun
                0x08002838      0x2cc ./Core/Src/main.o
                0x08002838                ProcessingFun
 .text.NMI_Handler
                0x08002b04        0xc ./Core/Src/stm32f1xx_it.o
                0x08002b04                NMI_Handler
 .text.HardFault_Handler
                0x08002b10        0x8 ./Core/Src/stm32f1xx_it.o
                0x08002b10                HardFault_Handler
 .text.MemManage_Handler
                0x08002b18        0x8 ./Core/Src/stm32f1xx_it.o
                0x08002b18                MemManage_Handler
 .text.BusFault_Handler
                0x08002b20        0x8 ./Core/Src/stm32f1xx_it.o
                0x08002b20                BusFault_Handler
 .text.UsageFault_Handler
                0x08002b28        0x8 ./Core/Src/stm32f1xx_it.o
                0x08002b28                UsageFault_Handler
 .text.SVC_Handler
                0x08002b30        0xc ./Core/Src/stm32f1xx_it.o
                0x08002b30                SVC_Handler
 .text.DebugMon_Handler
                0x08002b3c        0xc ./Core/Src/stm32f1xx_it.o
                0x08002b3c                DebugMon_Handler
 .text.PendSV_Handler
                0x08002b48        0xc ./Core/Src/stm32f1xx_it.o
                0x08002b48                PendSV_Handler
 .text.SystemInit
                0x08002b54        0xc ./Core/Src/system_stm32f1xx.o
                0x08002b54                SystemInit
 .text.Reset_Handler
                0x08002b60       0x48 ./Core/Startup/startup_stm32f103c8tx.o
                0x08002b60                Reset_Handler
 .text.Default_Handler
                0x08002ba8        0x2 ./Core/Startup/startup_stm32f103c8tx.o
                0x08002ba8                RTC_Alarm_IRQHandler
                0x08002ba8                EXTI2_IRQHandler
                0x08002ba8                TIM1_CC_IRQHandler
                0x08002ba8                PVD_IRQHandler
                0x08002ba8                EXTI3_IRQHandler
                0x08002ba8                I2C2_EV_IRQHandler
                0x08002ba8                ADC1_2_IRQHandler
                0x08002ba8                TAMPER_IRQHandler
                0x08002ba8                DMA1_Channel4_IRQHandler
                0x08002ba8                USART3_IRQHandler
                0x08002ba8                RTC_IRQHandler
                0x08002ba8                DMA1_Channel7_IRQHandler
                0x08002ba8                CAN1_RX1_IRQHandler
                0x08002ba8                TIM4_IRQHandler
                0x08002ba8                I2C1_EV_IRQHandler
                0x08002ba8                DMA1_Channel6_IRQHandler
                0x08002ba8                TIM3_IRQHandler
                0x08002ba8                RCC_IRQHandler
                0x08002ba8                TIM1_TRG_COM_IRQHandler
                0x08002ba8                DMA1_Channel1_IRQHandler
                0x08002ba8                Default_Handler
                0x08002ba8                EXTI15_10_IRQHandler
                0x08002ba8                EXTI9_5_IRQHandler
                0x08002ba8                SPI2_IRQHandler
                0x08002ba8                DMA1_Channel5_IRQHandler
                0x08002ba8                EXTI4_IRQHandler
                0x08002ba8                USB_LP_CAN1_RX0_IRQHandler
                0x08002ba8                USB_HP_CAN1_TX_IRQHandler
                0x08002ba8                DMA1_Channel3_IRQHandler
                0x08002ba8                TIM1_UP_IRQHandler
                0x08002ba8                WWDG_IRQHandler
                0x08002ba8                TIM2_IRQHandler
                0x08002ba8                TIM1_BRK_IRQHandler
                0x08002ba8                EXTI1_IRQHandler
                0x08002ba8                I2C2_ER_IRQHandler
                0x08002ba8                DMA1_Channel2_IRQHandler
                0x08002ba8                CAN1_SCE_IRQHandler
                0x08002ba8                FLASH_IRQHandler
                0x08002ba8                I2C1_ER_IRQHandler
                0x08002ba8                USBWakeUp_IRQHandler
 *fill*         0x08002baa        0x2 
 .text.__libc_init_array
                0x08002bac       0x48 D:/Progs/STM32CubeIDE_1.15.1/STM32CubeIDE/plugins/com.st.stm32cube.ide.mcu.externaltools.gnu-tools-for-stm32.12.3.rel1.win32_1.0.100.202403111256/tools/bin/../lib/gcc/arm-none-eabi/12.3.1/../../../../arm-none-eabi/lib/thumb/v7-m/nofp\libc_nano.a(libc_a-init.o)
                0x08002bac                __libc_init_array
 *(.glue_7)
 .glue_7        0x08002bf4        0x0 linker stubs
 *(.glue_7t)
 .glue_7t       0x08002bf4        0x0 linker stubs
 *(.eh_frame)
 .eh_frame      0x08002bf4        0x0 D:/Progs/STM32CubeIDE_1.15.1/STM32CubeIDE/plugins/com.st.stm32cube.ide.mcu.externaltools.gnu-tools-for-stm32.12.3.rel1.win32_1.0.100.202403111256/tools/bin/../lib/gcc/arm-none-eabi/12.3.1/thumb/v7-m/nofp/crtbegin.o
 *(.init)
 .init          0x08002bf4        0x4 D:/Progs/STM32CubeIDE_1.15.1/STM32CubeIDE/plugins/com.st.stm32cube.ide.mcu.externaltools.gnu-tools-for-stm32.12.3.rel1.win32_1.0.100.202403111256/tools/bin/../lib/gcc/arm-none-eabi/12.3.1/thumb/v7-m/nofp/crti.o
                0x08002bf4                _init
 .init          0x08002bf8        0x8 D:/Progs/STM32CubeIDE_1.15.1/STM32CubeIDE/plugins/com.st.stm32cube.ide.mcu.externaltools.gnu-tools-for-stm32.12.3.rel1.win32_1.0.100.202403111256/tools/bin/../lib/gcc/arm-none-eabi/12.3.1/thumb/v7-m/nofp/crtn.o
 *(.fini)
 .fini          0x08002c00        0x4 D:/Progs/STM32CubeIDE_1.15.1/STM32CubeIDE/plugins/com.st.stm32cube.ide.mcu.externaltools.gnu-tools-for-stm32.12.3.rel1.win32_1.0.100.202403111256/tools/bin/../lib/gcc/arm-none-eabi/12.3.1/thumb/v7-m/nofp/crti.o
                0x08002c00                _fini
 .fini          0x08002c04        0x8 D:/Progs/STM32CubeIDE_1.15.1/STM32CubeIDE/plugins/com.st.stm32cube.ide.mcu.externaltools.gnu-tools-for-stm32.12.3.rel1.win32_1.0.100.202403111256/tools/bin/../lib/gcc/arm-none-eabi/12.3.1/thumb/v7-m/nofp/crtn.o
                0x08002c0c                        . = ALIGN (0x4)
                0x08002c0c                        _etext = .

.vfp11_veneer   0x08002c0c        0x0
 .vfp11_veneer  0x08002c0c        0x0 linker stubs

.v4_bx          0x08002c0c        0x0
 .v4_bx         0x08002c0c        0x0 linker stubs

.iplt           0x08002c0c        0x0
 .iplt          0x08002c0c        0x0 D:/Progs/STM32CubeIDE_1.15.1/STM32CubeIDE/plugins/com.st.stm32cube.ide.mcu.externaltools.gnu-tools-for-stm32.12.3.rel1.win32_1.0.100.202403111256/tools/bin/../lib/gcc/arm-none-eabi/12.3.1/thumb/v7-m/nofp/crtbegin.o

.rel.dyn        0x08002c0c        0x0
 .rel.iplt      0x08002c0c        0x0 D:/Progs/STM32CubeIDE_1.15.1/STM32CubeIDE/plugins/com.st.stm32cube.ide.mcu.externaltools.gnu-tools-for-stm32.12.3.rel1.win32_1.0.100.202403111256/tools/bin/../lib/gcc/arm-none-eabi/12.3.1/thumb/v7-m/nofp/crtbegin.o

.rodata         0x08002c0c        0x0
                0x08002c0c                        . = ALIGN (0x4)
 *(.rodata)
 *(.rodata*)
                0x08002c0c                        . = ALIGN (0x4)

.ARM.extab      0x08002c0c        0x0
                0x08002c0c                        . = ALIGN (0x4)
 *(.ARM.extab* .gnu.linkonce.armextab.*)
                0x08002c0c                        . = ALIGN (0x4)

.ARM            0x08002c0c        0x0
                0x08002c0c                        . = ALIGN (0x4)
                0x08002c0c                        __exidx_start = .
 *(.ARM.exidx*)
                0x08002c0c                        __exidx_end = .
                0x08002c0c                        . = ALIGN (0x4)

.preinit_array  0x08002c0c        0x0
                0x08002c0c                        . = ALIGN (0x4)
                0x08002c0c                        PROVIDE (__preinit_array_start = .)
 *(.preinit_array*)
                0x08002c0c                        PROVIDE (__preinit_array_end = .)
                0x08002c0c                        . = ALIGN (0x4)

.init_array     0x08002c0c        0x4
                0x08002c0c                        . = ALIGN (0x4)
                0x08002c0c                        PROVIDE (__init_array_start = .)
 *(SORT_BY_NAME(.init_array.*))
 *(.init_array*)
 .init_array    0x08002c0c        0x4 D:/Progs/STM32CubeIDE_1.15.1/STM32CubeIDE/plugins/com.st.stm32cube.ide.mcu.externaltools.gnu-tools-for-stm32.12.3.rel1.win32_1.0.100.202403111256/tools/bin/../lib/gcc/arm-none-eabi/12.3.1/thumb/v7-m/nofp/crtbegin.o
                0x08002c10                        PROVIDE (__init_array_end = .)
                0x08002c10                        . = ALIGN (0x4)

.fini_array     0x08002c10        0x4
                0x08002c10                        . = ALIGN (0x4)
                [!provide]                        PROVIDE (__fini_array_start = .)
 *(SORT_BY_NAME(.fini_array.*))
 *(.fini_array*)
 .fini_array    0x08002c10        0x4 D:/Progs/STM32CubeIDE_1.15.1/STM32CubeIDE/plugins/com.st.stm32cube.ide.mcu.externaltools.gnu-tools-for-stm32.12.3.rel1.win32_1.0.100.202403111256/tools/bin/../lib/gcc/arm-none-eabi/12.3.1/thumb/v7-m/nofp/crtbegin.o
                [!provide]                        PROVIDE (__fini_array_end = .)
                0x08002c14                        . = ALIGN (0x4)
                0x08002c14                        _sidata = LOADADDR (.data)

.data           0x20000000       0xcc load address 0x08002c14
                0x20000000                        . = ALIGN (0x4)
                0x20000000                        _sdata = .
 *(.data)
 *(.data*)
 .data.gl_SPI_data_queue
                0x20000000       0xca ./Core/Src/SPI_program.o
                0x20000000                gl_SPI_data_queue
 .data.G_u8_LimetedSpeed
                0x200000ca        0x1 ./Core/Src/main.o
                0x200000ca                G_u8_LimetedSpeed
                0x200000cc                        . = ALIGN (0x4)
 *fill*         0x200000cb        0x1 
                0x200000cc                        _edata = .

.igot.plt       0x200000cc        0x0 load address 0x08002ce0
 .igot.plt      0x200000cc        0x0 D:/Progs/STM32CubeIDE_1.15.1/STM32CubeIDE/plugins/com.st.stm32cube.ide.mcu.externaltools.gnu-tools-for-stm32.12.3.rel1.win32_1.0.100.202403111256/tools/bin/../lib/gcc/arm-none-eabi/12.3.1/thumb/v7-m/nofp/crtbegin.o
                0x200000cc                        . = ALIGN (0x4)

.bss            0x200000cc       0x40 load address 0x08002ce0
                0x200000cc                        _sbss = .
                0x200000cc                        __bss_start__ = _sbss
 *(.bss)
 .bss           0x200000cc       0x1c D:/Progs/STM32CubeIDE_1.15.1/STM32CubeIDE/plugins/com.st.stm32cube.ide.mcu.externaltools.gnu-tools-for-stm32.12.3.rel1.win32_1.0.100.202403111256/tools/bin/../lib/gcc/arm-none-eabi/12.3.1/thumb/v7-m/nofp/crtbegin.o
 *(.bss*)
 .bss.EXTI0_CallBack
                0x200000e8        0x4 ./Core/Src/EXTI_program.o
 .bss.gl_ptr_Function
                0x200000ec        0x4 ./Core/Src/SPI_program.o
                0x200000ec                gl_ptr_Function
 .bss.MSTK_CallBack
                0x200000f0        0x4 ./Core/Src/STK_program.o
 .bss.MSTK_u8ModeOfInterval
                0x200000f4        0x1 ./Core/Src/STK_program.o
 .bss.channel1_set
                0x200000f5        0x1 ./Core/Src/Timer_prog.o
                0x200000f5                channel1_set
 .bss.channel2_set
                0x200000f6        0x1 ./Core/Src/Timer_prog.o
                0x200000f6                channel2_set
 *fill*         0x200000f7        0x1 
 .bss.MUSART1_CallBack
                0x200000f8        0x4 ./Core/Src/UART_program.o
                0x200000f8                MUSART1_CallBack
 .bss.MUSART2_CallBack
                0x200000fc        0x4 ./Core/Src/UART_program.o
                0x200000fc                MUSART2_CallBack
 .bss.G_xMy_Data
                0x20000100        0x2 ./Core/Src/main.o
                0x20000100                G_xMy_Data
 *fill*         0x20000102        0x2 
 .bss.G_xNear_Distance
                0x20000104        0x4 ./Core/Src/main.o
                0x20000104                G_xNear_Distance
 .bss.G_u8DataFromUART
                0x20000108        0x1 ./Core/Src/main.o
                0x20000108                G_u8DataFromUART
 *fill*         0x20000109        0x1 
 .bss.G_u16DataAfterProccing
                0x2000010a        0x2 ./Core/Src/main.o
                0x2000010a                G_u16DataAfterProccing
 *(COMMON)
                0x2000010c                        . = ALIGN (0x4)
                0x2000010c                        _ebss = .
                0x2000010c                        __bss_end__ = _ebss

._user_heap_stack
                0x2000010c      0x604 load address 0x08002ce0
                0x20000110                        . = ALIGN (0x8)
 *fill*         0x2000010c        0x4 
                [!provide]                        PROVIDE (end = .)
                0x20000110                        PROVIDE (_end = .)
                0x20000310                        . = (. + _Min_Heap_Size)
 *fill*         0x20000110      0x200 
                0x20000710                        . = (. + _Min_Stack_Size)
 *fill*         0x20000310      0x400 
                0x20000710                        . = ALIGN (0x8)

/DISCARD/
 libc.a(*)
 libm.a(*)
 libgcc.a(*)

.ARM.attributes
                0x00000000       0x29
 *(.ARM.attributes)
 .ARM.attributes
                0x00000000       0x1d D:/Progs/STM32CubeIDE_1.15.1/STM32CubeIDE/plugins/com.st.stm32cube.ide.mcu.externaltools.gnu-tools-for-stm32.12.3.rel1.win32_1.0.100.202403111256/tools/bin/../lib/gcc/arm-none-eabi/12.3.1/thumb/v7-m/nofp/crti.o
 .ARM.attributes
                0x0000001d       0x2d D:/Progs/STM32CubeIDE_1.15.1/STM32CubeIDE/plugins/com.st.stm32cube.ide.mcu.externaltools.gnu-tools-for-stm32.12.3.rel1.win32_1.0.100.202403111256/tools/bin/../lib/gcc/arm-none-eabi/12.3.1/thumb/v7-m/nofp/crtbegin.o
 .ARM.attributes
                0x0000004a       0x2d ./Core/Src/EXTI_program.o
 .ARM.attributes
                0x00000077       0x2d ./Core/Src/GPIO_program.o
 .ARM.attributes
                0x000000a4       0x2d ./Core/Src/PWM_DCmotor_prog.o
 .ARM.attributes
                0x000000d1       0x2d ./Core/Src/RCC_program.o
 .ARM.attributes
                0x000000fe       0x2d ./Core/Src/SPI_program.o
 .ARM.attributes
                0x0000012b       0x2d ./Core/Src/STK_program.o
 .ARM.attributes
                0x00000158       0x2d ./Core/Src/Timer_prog.o
 .ARM.attributes
                0x00000185       0x2d ./Core/Src/UART_program.o
 .ARM.attributes
                0x000001b2       0x2d ./Core/Src/Ultrasonic_prog.o
 .ARM.attributes
                0x000001df       0x2d ./Core/Src/main.o
 .ARM.attributes
                0x0000020c       0x2d ./Core/Src/stm32f1xx_it.o
 .ARM.attributes
                0x00000239       0x2d ./Core/Src/system_stm32f1xx.o
 .ARM.attributes
                0x00000266       0x21 ./Core/Startup/startup_stm32f103c8tx.o
 .ARM.attributes
                0x00000287       0x2d D:/Progs/STM32CubeIDE_1.15.1/STM32CubeIDE/plugins/com.st.stm32cube.ide.mcu.externaltools.gnu-tools-for-stm32.12.3.rel1.win32_1.0.100.202403111256/tools/bin/../lib/gcc/arm-none-eabi/12.3.1/../../../../arm-none-eabi/lib/thumb/v7-m/nofp\libc_nano.a(libc_a-init.o)
 .ARM.attributes
                0x000002b4       0x1d D:/Progs/STM32CubeIDE_1.15.1/STM32CubeIDE/plugins/com.st.stm32cube.ide.mcu.externaltools.gnu-tools-for-stm32.12.3.rel1.win32_1.0.100.202403111256/tools/bin/../lib/gcc/arm-none-eabi/12.3.1/thumb/v7-m/nofp/crtn.o
OUTPUT(bluebil.elf elf32-littlearm)
LOAD linker stubs
LOAD D:/Progs/STM32CubeIDE_1.15.1/STM32CubeIDE/plugins/com.st.stm32cube.ide.mcu.externaltools.gnu-tools-for-stm32.12.3.rel1.win32_1.0.100.202403111256/tools/bin/../lib/gcc/arm-none-eabi/12.3.1/../../../../arm-none-eabi/lib/thumb/v7-m/nofp\libc.a
LOAD D:/Progs/STM32CubeIDE_1.15.1/STM32CubeIDE/plugins/com.st.stm32cube.ide.mcu.externaltools.gnu-tools-for-stm32.12.3.rel1.win32_1.0.100.202403111256/tools/bin/../lib/gcc/arm-none-eabi/12.3.1/../../../../arm-none-eabi/lib/thumb/v7-m/nofp\libm.a
LOAD D:/Progs/STM32CubeIDE_1.15.1/STM32CubeIDE/plugins/com.st.stm32cube.ide.mcu.externaltools.gnu-tools-for-stm32.12.3.rel1.win32_1.0.100.202403111256/tools/bin/../lib/gcc/arm-none-eabi/12.3.1/thumb/v7-m/nofp\libgcc.a

.debug_info     0x00000000     0x21e4
 .debug_info    0x00000000      0x1f0 ./Core/Src/EXTI_program.o
 .debug_info    0x000001f0      0x2da ./Core/Src/GPIO_program.o
 .debug_info    0x000004ca      0x1a7 ./Core/Src/PWM_DCmotor_prog.o
 .debug_info    0x00000671      0x1e3 ./Core/Src/RCC_program.o
 .debug_info    0x00000854      0x3bb ./Core/Src/SPI_program.o
 .debug_info    0x00000c0f      0x218 ./Core/Src/STK_program.o
 .debug_info    0x00000e27      0x60e ./Core/Src/Timer_prog.o
 .debug_info    0x00001435      0x4db ./Core/Src/UART_program.o
 .debug_info    0x00001910      0x16e ./Core/Src/Ultrasonic_prog.o
 .debug_info    0x00001a7e      0x41c ./Core/Src/main.o
 .debug_info    0x00001e9a       0xf8 ./Core/Src/stm32f1xx_it.o
 .debug_info    0x00001f92      0x222 ./Core/Src/system_stm32f1xx.o
 .debug_info    0x000021b4       0x30 ./Core/Startup/startup_stm32f103c8tx.o

.debug_abbrev   0x00000000      0xde2
 .debug_abbrev  0x00000000      0x119 ./Core/Src/EXTI_program.o
 .debug_abbrev  0x00000119      0x12f ./Core/Src/GPIO_program.o
 .debug_abbrev  0x00000248       0xbb ./Core/Src/PWM_DCmotor_prog.o
 .debug_abbrev  0x00000303       0xe9 ./Core/Src/RCC_program.o
 .debug_abbrev  0x000003ec      0x1b1 ./Core/Src/SPI_program.o
 .debug_abbrev  0x0000059d      0x12c ./Core/Src/STK_program.o
 .debug_abbrev  0x000006c9      0x139 ./Core/Src/Timer_prog.o
 .debug_abbrev  0x00000802      0x1bc ./Core/Src/UART_program.o
 .debug_abbrev  0x000009be       0xdf ./Core/Src/Ultrasonic_prog.o
 .debug_abbrev  0x00000a9d      0x19b ./Core/Src/main.o
 .debug_abbrev  0x00000c38       0x47 ./Core/Src/stm32f1xx_it.o
 .debug_abbrev  0x00000c7f      0x13f ./Core/Src/system_stm32f1xx.o
 .debug_abbrev  0x00000dbe       0x24 ./Core/Startup/startup_stm32f103c8tx.o

.debug_aranges  0x00000000      0x400
 .debug_aranges
                0x00000000       0x50 ./Core/Src/EXTI_program.o
 .debug_aranges
                0x00000050       0x50 ./Core/Src/GPIO_program.o
 .debug_aranges
                0x000000a0       0x38 ./Core/Src/PWM_DCmotor_prog.o
 .debug_aranges
                0x000000d8       0x38 ./Core/Src/RCC_program.o
 .debug_aranges
                0x00000110       0x68 ./Core/Src/SPI_program.o
 .debug_aranges
                0x00000178       0x58 ./Core/Src/STK_program.o
 .debug_aranges
                0x000001d0       0x28 ./Core/Src/Timer_prog.o
 .debug_aranges
                0x000001f8       0x90 ./Core/Src/UART_program.o
 .debug_aranges
                0x00000288       0x28 ./Core/Src/Ultrasonic_prog.o
 .debug_aranges
                0x000002b0       0xa8 ./Core/Src/main.o
 .debug_aranges
                0x00000358       0x58 ./Core/Src/stm32f1xx_it.o
 .debug_aranges
                0x000003b0       0x28 ./Core/Src/system_stm32f1xx.o
 .debug_aranges
                0x000003d8       0x28 ./Core/Startup/startup_stm32f103c8tx.o

.debug_rnglists
                0x00000000      0x2d5
 .debug_rnglists
                0x00000000       0x37 ./Core/Src/EXTI_program.o
 .debug_rnglists
                0x00000037       0x3e ./Core/Src/GPIO_program.o
 .debug_rnglists
                0x00000075       0x25 ./Core/Src/PWM_DCmotor_prog.o
 .debug_rnglists
                0x0000009a       0x25 ./Core/Src/RCC_program.o
 .debug_rnglists
                0x000000bf       0x4a ./Core/Src/SPI_program.o
 .debug_rnglists
                0x00000109       0x3d ./Core/Src/STK_program.o
 .debug_rnglists
                0x00000146       0x1b ./Core/Src/Timer_prog.o
 .debug_rnglists
                0x00000161       0x68 ./Core/Src/UART_program.o
 .debug_rnglists
                0x000001c9       0x1b ./Core/Src/Ultrasonic_prog.o
 .debug_rnglists
                0x000001e4       0x81 ./Core/Src/main.o
 .debug_rnglists
                0x00000265       0x3d ./Core/Src/stm32f1xx_it.o
 .debug_rnglists
                0x000002a2       0x1a ./Core/Src/system_stm32f1xx.o
 .debug_rnglists
                0x000002bc       0x19 ./Core/Startup/startup_stm32f103c8tx.o

.debug_macro    0x00000000     0x217e
 .debug_macro   0x00000000       0x3f ./Core/Src/EXTI_program.o
 .debug_macro   0x0000003f       0x16 ./Core/Src/EXTI_program.o
 .debug_macro   0x00000055       0x82 ./Core/Src/EXTI_program.o
 .debug_macro   0x000000d7       0x3e ./Core/Src/GPIO_program.o
 .debug_macro   0x00000115       0xf4 ./Core/Src/GPIO_program.o
 .debug_macro   0x00000209      0x5d9 ./Core/Src/GPIO_program.o
 .debug_macro   0x000007e2      0x11e ./Core/Src/GPIO_program.o
 .debug_macro   0x00000900       0x62 ./Core/Src/PWM_DCmotor_prog.o
 .debug_macro   0x00000962       0x40 ./Core/Src/PWM_DCmotor_prog.o
 .debug_macro   0x000009a2       0x6a ./Core/Src/PWM_DCmotor_prog.o
 .debug_macro   0x00000a0c       0x46 ./Core/Src/PWM_DCmotor_prog.o
 .debug_macro   0x00000a52       0x10 ./Core/Src/PWM_DCmotor_prog.o
 .debug_macro   0x00000a62       0x4d ./Core/Src/RCC_program.o
 .debug_macro   0x00000aaf      0x142 ./Core/Src/RCC_program.o
 .debug_macro   0x00000bf1       0x2e ./Core/Src/RCC_program.o
 .debug_macro   0x00000c1f       0x3f ./Core/Src/SPI_program.o
 .debug_macro   0x00000c5e       0xee ./Core/Src/SPI_program.o
 .debug_macro   0x00000d4c       0x2e ./Core/Src/SPI_program.o
 .debug_macro   0x00000d7a       0x3f ./Core/Src/STK_program.o
 .debug_macro   0x00000db9       0x28 ./Core/Src/STK_program.o
 .debug_macro   0x00000de1       0x10 ./Core/Src/STK_program.o
 .debug_macro   0x00000df1       0x50 ./Core/Src/Timer_prog.o
 .debug_macro   0x00000e41       0x3a ./Core/Src/Timer_prog.o
 .debug_macro   0x00000e7b      0xaee ./Core/Src/Timer_prog.o
 .debug_macro   0x00001969       0x90 ./Core/Src/Timer_prog.o
 .debug_macro   0x000019f9       0x68 ./Core/Src/UART_program.o
 .debug_macro   0x00001a61      0x13c ./Core/Src/UART_program.o
 .debug_macro   0x00001b9d       0x51 ./Core/Src/Ultrasonic_prog.o
 .debug_macro   0x00001bee       0x22 ./Core/Src/Ultrasonic_prog.o
 .debug_macro   0x00001c10       0x6a ./Core/Src/Ultrasonic_prog.o
 .debug_macro   0x00001c7a       0x94 ./Core/Src/Ultrasonic_prog.o
 .debug_macro   0x00001d0e       0xaa ./Core/Src/main.o
 .debug_macro   0x00001db8       0x88 ./Core/Src/main.o
 .debug_macro   0x00001e40       0x22 ./Core/Src/main.o
 .debug_macro   0x00001e62      0x198 ./Core/Src/stm32f1xx_it.o
 .debug_macro   0x00001ffa      0x184 ./Core/Src/system_stm32f1xx.o

.debug_line     0x00000000     0x2f72
 .debug_line    0x00000000      0x15c ./Core/Src/EXTI_program.o
 .debug_line    0x0000015c      0x4a6 ./Core/Src/GPIO_program.o
 .debug_line    0x00000602      0x193 ./Core/Src/PWM_DCmotor_prog.o
 .debug_line    0x00000795      0x146 ./Core/Src/RCC_program.o
 .debug_line    0x000008db      0x265 ./Core/Src/SPI_program.o
 .debug_line    0x00000b40      0x1dc ./Core/Src/STK_program.o
 .debug_line    0x00000d1c      0x6bf ./Core/Src/Timer_prog.o
 .debug_line    0x000013db      0x361 ./Core/Src/UART_program.o
 .debug_line    0x0000173c      0x1d4 ./Core/Src/Ultrasonic_prog.o
 .debug_line    0x00001910      0x737 ./Core/Src/main.o
 .debug_line    0x00002047      0x76c ./Core/Src/stm32f1xx_it.o
 .debug_line    0x000027b3      0x746 ./Core/Src/system_stm32f1xx.o
 .debug_line    0x00002ef9       0x79 ./Core/Startup/startup_stm32f103c8tx.o

.debug_str      0x00000000    0x83761
 .debug_str     0x00000000     0x3ad4 ./Core/Src/EXTI_program.o
                               0x3b5f (size before relaxing)
 .debug_str     0x00003ad4     0x3128 ./Core/Src/GPIO_program.o
                               0x6a02 (size before relaxing)
 .debug_str     0x00006bfc      0x3e8 ./Core/Src/PWM_DCmotor_prog.o
                               0x4042 (size before relaxing)
 .debug_str     0x00006fe4      0x3be ./Core/Src/RCC_program.o
                               0x3c9d (size before relaxing)
 .debug_str     0x000073a2      0x596 ./Core/Src/SPI_program.o
                               0x3e70 (size before relaxing)
 .debug_str     0x00007938      0x206 ./Core/Src/STK_program.o
                               0x3ae5 (size before relaxing)
 .debug_str     0x00007b3e     0x2c29 ./Core/Src/Timer_prog.o
                               0x695c (size before relaxing)
 .debug_str     0x0000a767      0xb11 ./Core/Src/UART_program.o
                               0x491a (size before relaxing)
 .debug_str     0x0000b278      0x531 ./Core/Src/Ultrasonic_prog.o
                               0x41d0 (size before relaxing)
 .debug_str     0x0000b7a9      0x3b1 ./Core/Src/main.o
                               0x46f8 (size before relaxing)
 .debug_str     0x0000bb5a    0x77b24 ./Core/Src/stm32f1xx_it.o
                              0x7abd2 (size before relaxing)
 .debug_str     0x0008367e       0x9f ./Core/Src/system_stm32f1xx.o
                              0x7ac04 (size before relaxing)
 .debug_str     0x0008371d       0x44 ./Core/Startup/startup_stm32f103c8tx.o
                                 0x6d (size before relaxing)

.comment        0x00000000       0x43
 .comment       0x00000000       0x43 ./Core/Src/EXTI_program.o
                                 0x44 (size before relaxing)
 .comment       0x00000043       0x44 ./Core/Src/GPIO_program.o
 .comment       0x00000043       0x44 ./Core/Src/PWM_DCmotor_prog.o
 .comment       0x00000043       0x44 ./Core/Src/RCC_program.o
 .comment       0x00000043       0x44 ./Core/Src/SPI_program.o
 .comment       0x00000043       0x44 ./Core/Src/STK_program.o
 .comment       0x00000043       0x44 ./Core/Src/Timer_prog.o
 .comment       0x00000043       0x44 ./Core/Src/UART_program.o
 .comment       0x00000043       0x44 ./Core/Src/Ultrasonic_prog.o
 .comment       0x00000043       0x44 ./Core/Src/main.o
 .comment       0x00000043       0x44 ./Core/Src/stm32f1xx_it.o
 .comment       0x00000043       0x44 ./Core/Src/system_stm32f1xx.o

.debug_frame    0x00000000      0xcf4
 .debug_frame   0x00000000      0x114 ./Core/Src/EXTI_program.o
 .debug_frame   0x00000114      0x120 ./Core/Src/GPIO_program.o
 .debug_frame   0x00000234       0xa0 ./Core/Src/PWM_DCmotor_prog.o
 .debug_frame   0x000002d4       0xa8 ./Core/Src/RCC_program.o
 .debug_frame   0x0000037c      0x180 ./Core/Src/SPI_program.o
 .debug_frame   0x000004fc      0x13c ./Core/Src/STK_program.o
 .debug_frame   0x00000638       0x60 ./Core/Src/Timer_prog.o
 .debug_frame   0x00000698      0x254 ./Core/Src/UART_program.o
 .debug_frame   0x000008ec       0x5c ./Core/Src/Ultrasonic_prog.o
 .debug_frame   0x00000948      0x238 ./Core/Src/main.o
 .debug_frame   0x00000b80       0xf0 ./Core/Src/stm32f1xx_it.o
 .debug_frame   0x00000c70       0x58 ./Core/Src/system_stm32f1xx.o
 .debug_frame   0x00000cc8       0x2c D:/Progs/STM32CubeIDE_1.15.1/STM32CubeIDE/plugins/com.st.stm32cube.ide.mcu.externaltools.gnu-tools-for-stm32.12.3.rel1.win32_1.0.100.202403111256/tools/bin/../lib/gcc/arm-none-eabi/12.3.1/../../../../arm-none-eabi/lib/thumb/v7-m/nofp\libc_nano.a(libc_a-init.o)

.debug_line_str
                0x00000000       0x51
 .debug_line_str
                0x00000000       0x51 ./Core/Startup/startup_stm32f103c8tx.o
