../Core/Src/main.c:78:6:init_conf	8	static
../Core/Src/main.c:99:5:main	16	static
../Core/Src/main.c:176:6:APP_Update_Distance	8	static
../Core/Src/main.c:186:6:APP_VoidStop	4	static
../Core/Src/main.c:196:6:APP_voidGoTasks	4	static
../Core/Src/main.c:241:6:APP_voidBackTasks	4	static
../Core/Src/main.c:286:6:APP_voidBackward_RightTasks	4	static
../Core/Src/main.c:331:6:APP_voidBackward_LEFTTasks	4	static
../Core/Src/main.c:376:6:APP_voidRight_LeftTasks	4	static
../Core/Src/main.c:380:6:APP_voidForward_RightTasks	4	static
../Core/Src/main.c:425:6:APP_voidForward_LeftTasks	4	static
../Core/Src/main.c:471:6:APP_voidLane_Change	4	static
../Core/Src/main.c:476:6:APP_V2V_Connection	16	static
../Core/Src/main.c:530:6:UART_Task	8	static
../Core/Src/main.c:545:6:ProcessingFun	16	static
