../Core/Src/nrf24l01_program.c:52:6:NRF24L01_init	8	static
../Core/Src/nrf24l01_program.c:90:6:NRF24L01_reset	8	static
../Core/Src/nrf24l01_program.c:120:13:NRF24L01_sendCommand	16	static
../Core/Src/nrf24l01_program.c:138:13:NRF24L01_readRegister	16	static
../Core/Src/nrf24l01_program.c:159:6:NRF24L01_writeRegister	16	static
../Core/Src/nrf24l01_program.c:181:13:NRF24L01_writeRegisterMulti	16	static
../Core/Src/nrf24l01_program.c:202:26:NRF24L01_switchToTransmitterMode	24	static
../Core/Src/nrf24l01_program.c:244:26:NRF24L01_switchToReceiverMode	24	static
../Core/Src/nrf24l01_program.c:334:26:NRF24L01_checkTransmitterBuffer	24	static
../Core/Src/nrf24l01_program.c:374:26:NRF24L01_checkReceiverBuffer	24	static
../Core/Src/nrf24l01_program.c:418:26:NRF24L01_sendData	24	static
../Core/Src/nrf24l01_program.c:453:26:NRF24L01_readData	24	static
../Core/Src/nrf24l01_program.c:486:6:NRF24L01_flushTransmitterBuffer	8	static
../Core/Src/nrf24l01_program.c:497:6:NRF24L01_flushReceiverBuffer	8	static
