../Core/Src/SPI_program.c:38:6:SPI_voidInit	4	static
../Core/Src/SPI_program.c:122:6:SPI_voidSendReceieveCharSynch	16	static
../Core/Src/SPI_program.c:141:6:SPI_enu_SendDataAsynch	16	static
../Core/Src/SPI_program.c:158:6:SPI_enu_SendStreamAsynch	24	static
../Core/Src/SPI_program.c:184:6:SPI_enu_SendRecieveStreamSynch	32	static
../Core/Src/SPI_program.c:206:6:SPI_enu_GetDataAsynch	16	static
../Core/Src/SPI_program.c:230:6:SPI_voidsetCallBck	16	static
../Core/Src/SPI_program.c:246:27:insert_queue	24	static
../Core/Src/SPI_program.c:274:27:truncate_queue	16	static
../Core/Src/SPI_program.c:300:6:SPI1_IRQHandler	8	static
