UART_program.c:30:6:MUART_voidInit	32	static
UART_program.c:92:6:MUART_voidEnable	16	static
UART_program.c:97:6:MUART_voidDisable	16	static
UART_program.c:102:6:MUART_voidTransmitByte	16	static
UART_program.c:117:6:MUART_voidTransmitString	24	static
UART_program.c:127:4:MUART_u8ReceiveByteSynchNonBlocking	24	static
UART_program.c:146:6:MUART_u8ReceiveByteASynch	16	static
UART_program.c:155:6:MUART_ptrReceiveStringSynchNonBlocking	24	static
UART_program.c:168:6:MUART_RxIntSetStatus	16	static
UART_program.c:177:6:MUART_voidClearFlags	16	static
UART_program.c:182:4:MUART_u8ReadDataRegister	16	static
UART_program.c:187:6:MUART1_voidSetCallBack	16	static
UART_program.c:193:6:MUART2_voidSetCallBack	16	static
UART_program.c:199:6:USART1_IRQHandler	8	static
UART_program.c:211:6:USART2_IRQHandler	8	static
