../Core/Src/UART_program.c:44:6:MUART_voidInit	56	static
../Core/Src/UART_program.c:106:6:MUART_voidEnable	16	static
../Core/Src/UART_program.c:111:6:MUART_voidDisable	16	static
../Core/Src/UART_program.c:116:6:MUART_voidTransmitByte	16	static
../Core/Src/UART_program.c:131:6:MUART_voidTransmitString	24	static
../Core/Src/UART_program.c:141:4:MUART_u8ReceiveByteSynchNonBlocking	24	static
../Core/Src/UART_program.c:160:6:MUART_u8ReceiveByteASynch	16	static
../Core/Src/UART_program.c:166:6:MUART_ptrReceiveStringSynchNonBlocking	24	static
../Core/Src/UART_program.c:179:6:MUART_RxIntSetStatus	16	static
../Core/Src/UART_program.c:188:14:MUART_Buffer_Write	16	static
../Core/Src/UART_program.c:209:6:MUART_voidSendAck	24	static
../Core/Src/UART_program.c:223:14:MUART_ReadData	24	static
../Core/Src/UART_program.c:244:14:MUART_WriteData	24	static
../Core/Src/UART_program.c:260:13:MUART_ErrorStatusTransmitData	24	static
../Core/Src/UART_program.c:301:6:APP_Sort_Buffer	16	static
../Core/Src/UART_program.c:372:6:MUART_voidCleanRxBuffer	24	static
../Core/Src/UART_program.c:682:6:MUART_voidClearFlags	16	static
../Core/Src/UART_program.c:687:4:MUART_u8ReadDataRegister	16	static
../Core/Src/UART_program.c:692:6:MUART1_voidSetCallBack	16	static
../Core/Src/UART_program.c:698:6:MUART2_voidSetCallBack	16	static
../Core/Src/UART_program.c:704:6:USART1_IRQHandler	8	static
../Core/Src/UART_program.c:715:6:USART2_IRQHandler	8	static
