UART_program.c:32:6:MUART_voidInit	32	static
UART_program.c:94:6:MUART_voidEnable	16	static
UART_program.c:99:6:MUART_voidDisable	16	static
UART_program.c:104:6:MUART_voidTransmitByte	16	static
UART_program.c:119:6:MUART_voidTransmitString	24	static
UART_program.c:129:4:MUART_u8ReceiveByteSynchNonBlocking	24	static
UART_program.c:148:6:MUART_u8ReceiveByteASynch	16	static
UART_program.c:157:6:MUART_ptrReceiveStringSynchNonBlocking	24	static
UART_program.c:170:6:MUART_RxIntSetStatus	16	static
UART_program.c:179:6:MUART_voidClearFlags	16	static
UART_program.c:184:4:MUART_u8ReadDataRegister	16	static
UART_program.c:189:6:MUART1_voidSetCallBack	16	static
UART_program.c:195:6:MUART2_voidSetCallBack	16	static
UART_program.c:200:6:MUART6_voidSetCallBack	16	static
UART_program.c:206:6:USART1_IRQHandler	8	static
UART_program.c:218:6:USART2_IRQHandler	8	static
