../Core/Src/UART_program.c:43:6:MUART_voidInit	56	static
../Core/Src/UART_program.c:105:6:MUART_voidEnable	16	static
../Core/Src/UART_program.c:110:6:MUART_voidDisable	16	static
../Core/Src/UART_program.c:115:6:MUART_voidTransmitByte	16	static
../Core/Src/UART_program.c:130:6:MUART_voidTransmitString	24	static
../Core/Src/UART_program.c:140:4:MUART_u8ReceiveByteSynchNonBlocking	24	static
../Core/Src/UART_program.c:159:6:MUART_u8ReceiveByteASynch	16	static
../Core/Src/UART_program.c:169:6:MUART_ptrReceiveStringSynchNonBlocking	24	static
../Core/Src/UART_program.c:182:6:MUART_RxIntSetStatus	16	static
../Core/Src/UART_program.c:191:14:MUART_Buffer_Write	24	static
../Core/Src/UART_program.c:208:14:MUART_ReadData	24	static
../Core/Src/UART_program.c:225:14:MUART_WriteData	24	static
../Core/Src/UART_program.c:241:13:MUART_ErrorStatusTransmitData	24	static
../Core/Src/UART_program.c:270:6:APP_Sort_Buffer	16	static
../Core/Src/UART_program.c:342:6:MUART_voidClearFlags	16	static
../Core/Src/UART_program.c:347:4:MUART_u8ReadDataRegister	16	static
../Core/Src/UART_program.c:352:6:MUART1_voidSetCallBack	16	static
../Core/Src/UART_program.c:358:6:MUART2_voidSetCallBack	16	static
../Core/Src/UART_program.c:364:6:USART1_IRQHandler	8	static
../Core/Src/UART_program.c:376:6:USART2_IRQHandler	8	static
