UART_program.c:29:6:MUART_voidInit	32	static
UART_program.c:91:6:MUART_voidEnable	16	static
UART_program.c:96:6:MUART_voidDisable	16	static
UART_program.c:101:6:MUART_voidTransmitByte	16	static
UART_program.c:116:6:MUART_voidTransmitString	24	static
UART_program.c:126:4:MUART_u8ReceiveByteSynchNonBlocking	24	static
UART_program.c:145:6:MUART_ptrReceiveStringSynchNonBlocking	24	static
UART_program.c:158:6:MUART_RxIntSetStatus	16	static
UART_program.c:167:6:MUART_voidClearFlags	16	static
UART_program.c:172:4:MUART_u8ReadDataRegister	16	static
UART_program.c:177:6:MUART1_voidSetCallBack	16	static
UART_program.c:182:6:MUART2_voidSetCallBack	16	static
UART_program.c:187:6:MUART6_voidSetCallBack	16	static
UART_program.c:193:6:USART1_IRQHandler	8	static
UART_program.c:203:6:USART2_IRQHandler	8	static
