UART_program.c:43:6:MUART_voidInit	32	static
UART_program.c:105:6:MUART_voidEnable	16	static
UART_program.c:110:6:MUART_voidDisable	16	static
UART_program.c:115:6:MUART_voidTransmitByte	16	static
UART_program.c:130:6:MUART_voidTransmitString	24	static
UART_program.c:140:4:MUART_u8ReceiveByteSynchNonBlocking	24	static
UART_program.c:159:6:MUART_u8ReceiveByteASynch	16	static
UART_program.c:165:6:MUART_ptrReceiveStringSynchNonBlocking	24	static
UART_program.c:178:6:MUART_RxIntSetStatus	16	static
UART_program.c:187:14:MUART_Buffer_Write	24	static
UART_program.c:204:14:MUART_ReadData	24	static
UART_program.c:221:14:MUART_WriteData	24	static
UART_program.c:237:13:MUART_ErrorStatusTransmitData	24	static
UART_program.c:266:6:APP_Sort_Buffer	16	static
UART_program.c:338:6:MUART_voidClearFlags	16	static
UART_program.c:343:4:MUART_u8ReadDataRegister	16	static
UART_program.c:348:6:MUART1_voidSetCallBack	16	static
UART_program.c:354:6:MUART2_voidSetCallBack	16	static
UART_program.c:360:6:USART1_IRQHandler	8	static
UART_program.c:371:6:USART2_IRQHandler	8	static
