UART_program.c:44:6:MUART_voidInit	32	static
UART_program.c:106:6:MUART_voidEnable	16	static
UART_program.c:111:6:MUART_voidDisable	16	static
UART_program.c:116:6:MUART_voidTransmitByte	16	static
UART_program.c:131:6:MUART_voidTransmitString	24	static
UART_program.c:141:4:MUART_u8ReceiveByteSynchNonBlocking	24	static
UART_program.c:160:6:MUART_u8ReceiveByteASynch	16	static
UART_program.c:166:6:MUART_ptrReceiveStringSynchNonBlocking	24	static
UART_program.c:179:6:MUART_RxIntSetStatus	16	static
UART_program.c:188:14:MUART_Buffer_Write	16	static
UART_program.c:207:14:MUART_ReadData	24	static
UART_program.c:228:14:MUART_WriteData	24	static
UART_program.c:244:13:MUART_ErrorStatusTransmitData	24	static
UART_program.c:285:6:APP_Sort_Buffer	16	static
UART_program.c:356:6:MUART_voidCleanRxBuffer	24	static
UART_program.c:666:6:MUART_voidClearFlags	16	static
UART_program.c:671:4:MUART_u8ReadDataRegister	16	static
UART_program.c:676:6:MUART1_voidSetCallBack	16	static
UART_program.c:682:6:MUART2_voidSetCallBack	16	static
UART_program.c:688:6:USART1_IRQHandler	8	static
UART_program.c:699:6:USART2_IRQHandler	8	static
